Archive member included because of file (symbol)

D:\NXP_workspace\lpc_chip_11uxx_lib\Debug\liblpc_chip_11uxx_lib.a(chip_11xx.o)
                              ./src/HW_Driver.o (SystemCoreClockUpdate)
D:\NXP_workspace\lpc_chip_11uxx_lib\Debug\liblpc_chip_11uxx_lib.a(clock_11xx.o)
                              ./src/HW_Driver.o (Chip_Clock_SetSystemPLLSource)
D:\NXP_workspace\lpc_chip_11uxx_lib\Debug\liblpc_chip_11uxx_lib.a(iocon_11xx.o)
                              ./src/GPIO_Driver.o (Chip_IOCON_PinMuxSet)
D:\NXP_workspace\lpc_chip_11uxx_lib\Debug\liblpc_chip_11uxx_lib.a(sysctl_11xx.o)
                              ./src/HW_Driver.o (Chip_SYSCTL_PowerDown)
D:\NXP_workspace\lpc_chip_11uxx_lib\Debug\liblpc_chip_11uxx_lib.a(sysinit_11xx.o)
                              ./src/sysinit.o (Chip_SystemInit)
D:\NXP_workspace\nxp_lpcxpresso_11u14_usblib_device\Debug\libnxp_lpcxpresso_11u14_usblib_device.a(USBController.o)
                              ./src/FootController.o (USB_Init)
D:\NXP_workspace\nxp_lpcxpresso_11u14_usblib_device\Debug\libnxp_lpcxpresso_11u14_usblib_device.a(USBTask.o)
                              D:\NXP_workspace\nxp_lpcxpresso_11u14_usblib_device\Debug\libnxp_lpcxpresso_11u14_usblib_device.a(USBController.o) (USB_DeviceState)
D:\NXP_workspace\nxp_lpcxpresso_11u14_usblib_device\Debug\libnxp_lpcxpresso_11u14_usblib_device.a(CDCClassDevice.o)
                              ./src/FootController.o (CDC_Device_ConfigureEndpoints)
D:\NXP_workspace\nxp_lpcxpresso_11u14_usblib_device\Debug\libnxp_lpcxpresso_11u14_usblib_device.a(HIDClassDevice.o)
                              ./src/FootController.o (HID_Device_ProcessControlRequest)
D:\NXP_workspace\nxp_lpcxpresso_11u14_usblib_device\Debug\libnxp_lpcxpresso_11u14_usblib_device.a(HAL_LPC11Uxx.o)
                              D:\NXP_workspace\nxp_lpcxpresso_11u14_usblib_device\Debug\libnxp_lpcxpresso_11u14_usblib_device.a(USBController.o) (HAL_USBInit)
D:\NXP_workspace\nxp_lpcxpresso_11u14_usblib_device\Debug\libnxp_lpcxpresso_11u14_usblib_device.a(Endpoint_LPC11Uxx.o)
                              D:\NXP_workspace\nxp_lpcxpresso_11u14_usblib_device\Debug\libnxp_lpcxpresso_11u14_usblib_device.a(HAL_LPC11Uxx.o) (HAL_Reset)
D:\NXP_workspace\nxp_lpcxpresso_11u14_usblib_device\Debug\libnxp_lpcxpresso_11u14_usblib_device.a(DeviceStandardReq.o)
                              D:\NXP_workspace\nxp_lpcxpresso_11u14_usblib_device\Debug\libnxp_lpcxpresso_11u14_usblib_device.a(USBController.o) (USB_Device_RemoteWakeupEnabled)
D:\NXP_workspace\nxp_lpcxpresso_11u14_usblib_device\Debug\libnxp_lpcxpresso_11u14_usblib_device.a(Endpoint.o)
                              D:\NXP_workspace\nxp_lpcxpresso_11u14_usblib_device\Debug\libnxp_lpcxpresso_11u14_usblib_device.a(USBTask.o) (endpointselected)
D:\NXP_workspace\nxp_lpcxpresso_11u14_usblib_device\Debug\libnxp_lpcxpresso_11u14_usblib_device.a(EndpointStream.o)
                              D:\NXP_workspace\nxp_lpcxpresso_11u14_usblib_device\Debug\libnxp_lpcxpresso_11u14_usblib_device.a(CDCClassDevice.o) (Endpoint_Write_Stream_LE)
d:/nxp/lpcxpresso_7.2.0_153/lpcxpresso/tools/bin/../lib/gcc/arm-none-eabi/4.8.3/../../../../arm-none-eabi/lib/armv6-m\libcr_c.a(memcpy.o)
                              ./src/FootController.o (memcpy)
d:/nxp/lpcxpresso_7.2.0_153/lpcxpresso/tools/bin/../lib/gcc/arm-none-eabi/4.8.3/../../../../arm-none-eabi/lib/armv6-m\libcr_c.a(memset.o)
                              ./src/FootController.o (memset)
d:/nxp/lpcxpresso_7.2.0_153/lpcxpresso/tools/bin/../lib/gcc/arm-none-eabi/4.8.3/../../../../arm-none-eabi/lib/armv6-m\libcr_c.a(__weak__main.o)
                              ./src/cr_startup_lpc11uxx.o (__main)
d:/nxp/lpcxpresso_7.2.0_153/lpcxpresso/tools/bin/../lib/gcc/arm-none-eabi/4.8.3/../../../../arm-none-eabi/lib/armv6-m\libcr_c.a(ctype.o)
                              ./src/StringGenerateParseModule.o (isdigit)
d:/nxp/lpcxpresso_7.2.0_153/lpcxpresso/tools/bin/../lib/gcc/arm-none-eabi/4.8.3/../../../../arm-none-eabi/lib/armv6-m\libcr_c.a(itoa.o)
                              ./src/StringGenerateParseModule.o (itoa)
d:/nxp/lpcxpresso_7.2.0_153/lpcxpresso/tools/bin/../lib/gcc/arm-none-eabi/4.8.3/../../../../arm-none-eabi/lib/armv6-m\libcr_c.a(memcmp.o)
                              D:\NXP_workspace\nxp_lpcxpresso_11u14_usblib_device\Debug\libnxp_lpcxpresso_11u14_usblib_device.a(HIDClassDevice.o) (memcmp)
d:/nxp/lpcxpresso_7.2.0_153/lpcxpresso/tools/bin/../lib/gcc/arm-none-eabi/4.8.3/../../../../arm-none-eabi/lib/armv6-m\libcr_c.a(scanf.o)
                              ./src/FootController.o (atoi)
d:/nxp/lpcxpresso_7.2.0_153/lpcxpresso/tools/bin/../lib/gcc/arm-none-eabi/4.8.3/../../../../arm-none-eabi/lib/armv6-m\libcr_c.a(stdio.o)
                              d:/nxp/lpcxpresso_7.2.0_153/lpcxpresso/tools/bin/../lib/gcc/arm-none-eabi/4.8.3/../../../../arm-none-eabi/lib/armv6-m\libcr_c.a(scanf.o) (__Ciob)
[...]
Memory Configuration

Name             Origin             Length             Attributes
MFlash32         0x00000000         0x00008000         xr
RamLoc6          0x10000000         0x00001800         xrw
RamUsb2          0x20004000         0x00000800         xrw
*default*        0x00000000         0xffffffff

Linker script and memory map

LOAD ./src/Descriptors.o
LOAD ./src/EEPROM_Driver.o
LOAD ./src/FootController.o
LOAD ./src/GPIO_Driver.o
LOAD ./src/HW_Driver.o
LOAD ./src/I2C_Driver.o
LOAD ./src/StringGenerateParseModule.o
LOAD ./src/aeabi_romdiv_patch.o
LOAD ./src/cr_startup_lpc11uxx.o
LOAD ./src/crp.o
LOAD ./src/iap.o
LOAD ./src/sysinit.o
LOAD ./Api/platform/src/vl53l0x_i2c.o
LOAD ./Api/platform/src/vl53l0x_platform.o
LOAD ./Api/core/src/vl53l0x_api.o
LOAD ./Api/core/src/vl53l0x_api_calibration.o
LOAD ./Api/core/src/vl53l0x_api_core.o
LOAD ./Api/core/src/vl53l0x_api_ranging.o
LOAD ./Api/core/src/vl53l0x_api_strings.o
LOAD D:\NXP_workspace\lpc_chip_11uxx_lib\Debug\liblpc_chip_11uxx_lib.a
LOAD D:\NXP_workspace\nxp_lpcxpresso_11u14_usblib_device\Debug\libnxp_lpcxpresso_11u14_usblib_device.a
START GROUP
LOAD d:/nxp/lpcxpresso_7.2.0_153/lpcxpresso/tools/bin/../lib/gcc/arm-none-eabi/4.8.3/../../../../arm-none-eabi/lib/armv6-m\libcr_c.a
LOAD d:/nxp/lpcxpresso_7.2.0_153/lpcxpresso/tools/bin/../lib/gcc/arm-none-eabi/4.8.3/armv6-m\libcr_eabihelpers.a
END GROUP
                0x00008000                __top_MFlash32 = 0x8000
                0x10001800                __top_RamLoc6 = 0x10001800
                0x20004800                __top_RamUsb2 = 0x20004800

.text           0x00000000     0x73e0
 FILL mask 0xff
                0x00000000                __vectors_start__ = ABSOLUTE (.)
 *(.isr_vector)
 .isr_vector    0x00000000       0xc0 ./src/cr_startup_lpc11uxx.o
                0x00000000                g_pfnVectors
                0x000000c0                . = ALIGN (0x4)
                0x000000c0                __section_table_start = .
                0x000000c0                __data_section_table = .
                0x000000c0        0x4 LONG 0x73e0 LOADADDR (.data)
                0x000000c4        0x4 LONG 0x10000000 ADDR (.data)
                0x000000c8        0x4 LONG 0x424 SIZEOF (.data)
                0x000000cc        0x4 LONG 0x73e0 LOADADDR (.data_RAM2)
                0x000000d0        0x4 LONG 0x20004000 ADDR (.data_RAM2)
                0x000000d4        0x4 LONG 0x0 SIZEOF (.data_RAM2)
                0x000000d8                __data_section_table_end = .
                0x000000d8                __bss_section_table = .
                0x000000d8        0x4 LONG 0x10000424 ADDR (.bss)
                0x000000dc        0x4 LONG 0x28c SIZEOF (.bss)
                0x000000e0        0x4 LONG 0x20004000 ADDR (.bss_RAM2)
                0x000000e4        0x4 LONG 0x800 SIZEOF (.bss_RAM2)
                0x000000e8                __bss_section_table_end = .
                0x000000e8                __section_table_end = .
 *(.after_vectors*)
 .after_vectors
                0x000000e8       0x8c ./src/cr_startup_lpc11uxx.o
                0x000000e8                NMI_Handler
                0x000000ec                HardFault_Handler
                0x000000f0                SVC_Handler
                0x000000f4                PendSV_Handler
                0x000000f8                SysTick_Handler
                0x000000fc                FLEX_INT7_IRQHandler
                0x000000fc                FMC_IRQHandler
                0x000000fc                UART_IRQHandler
                0x000000fc                FLEX_INT1_IRQHandler
                0x000000fc                IntDefaultHandler
                0x000000fc                SSP0_IRQHandler
                0x000000fc                TIMER32_1_IRQHandler
                0x000000fc                TIMER32_0_IRQHandler
                0x000000fc                FLEX_INT6_IRQHandler
                0x000000fc                FLEX_INT0_IRQHandler
                0x000000fc                FLEX_INT2_IRQHandler
                0x000000fc                TIMER16_1_IRQHandler
                0x000000fc                USB_FIQHandler
                0x000000fc                FLEX_INT5_IRQHandler
                0x000000fc                ADC_IRQHandler
                0x000000fc                SSP1_IRQHandler
                0x000000fc                FLEX_INT3_IRQHandler
                0x000000fc                BOD_IRQHandler
                0x000000fc                WDT_IRQHandler
                0x000000fc                USBWakeup_IRQHandler
                0x000000fc                GINT0_IRQHandler
                0x000000fc                FLEX_INT4_IRQHandler
                0x000000fc                GINT1_IRQHandler
                0x00000100                data_init
                0x00000114                bss_init
                0x00000128                ResetISR
 *(.text*)
 .text.CALLBACK_USB_GetDescriptor
                0x00000174       0x8c ./src/Descriptors.o
                0x00000174                CALLBACK_USB_GetDescriptor
 .text.calculateChecksum
                0x00000200       0x30 ./src/EEPROM_Driver.o
 .text.ReadSensorDataFromEeprom
                0x00000230       0x4c ./src/EEPROM_Driver.o
                0x00000230                ReadSensorDataFromEeprom
 .text.WriteSensorDataToEeprom
                0x0000027c       0x24 ./src/EEPROM_Driver.o
                0x0000027c                WriteSensorDataToEeprom
 .text.TIMER16_0_IRQHandler
                0x000002a0      0x43c ./src/FootController.o
                0x000002a0                TIMER16_0_IRQHandler
 .text.main     0x000006dc       0xc4 ./src/FootController.o
                0x000006dc                main
 .text.EVENT_USB_Device_ConfigurationChanged
                0x000007a0       0x18 ./src/FootController.o
                0x000007a0                EVENT_USB_Device_ConfigurationChanged
 .text.EVENT_USB_Device_ControlRequest
                0x000007b8       0x18 ./src/FootController.o
                0x000007b8                EVENT_USB_Device_ControlRequest
 .text.CALLBACK_HID_Device_CreateHIDReport
                0x000007d0       0x60 ./src/FootController.o
                0x000007d0                CALLBACK_HID_Device_CreateHIDReport
 .text.CALLBACK_HID_Device_ProcessHIDReport
                0x00000830        0x4 ./src/FootController.o
                0x00000830                CALLBACK_HID_Device_ProcessHIDReport
 .text.EVENT_CDC_Device_LineEncodingChanged
                0x00000834        0x4 ./src/FootController.o
                0x00000834                EVENT_CDC_Device_LineEncodingChanged
 .text.EVENT_CDC_Device_ControLineStateChanged
                0x00000838       0x40 ./src/FootController.o
                0x00000838                EVENT_CDC_Device_ControLineStateChanged
 .text.GPIO_Init
                0x00000878       0x14 ./src/GPIO_Driver.o
                0x00000878                GPIO_Init
 .text.GPIO_Direction
                0x0000088c       0x20 ./src/GPIO_Driver.o
                0x0000088c                GPIO_Direction
 .text.GPIO_SetState
                0x000008ac        0xc ./src/GPIO_Driver.o
                0x000008ac                GPIO_SetState
 .text.GPIO_GetState
                0x000008b8       0x14 ./src/GPIO_Driver.o
                0x000008b8                GPIO_GetState
 .text.LaserProcess
                0x000008cc      0x278 ./src/HW_Driver.o
                0x000008cc                LaserProcess
 .text.SetupHardware
                0x00000b44       0xf0 ./src/HW_Driver.o
                0x00000b44                SetupHardware
 .text.I2C_InterruptProccess
                0x00000c34      0x170 ./src/I2C_Driver.o
                0x00000c34                I2C_InterruptProccess
 .text.I2C_IRQHandler
                0x00000da4        0xc ./src/I2C_Driver.o
                0x00000da4                I2C_IRQHandler
 .text.I2C_DriverInit
                0x00000db0       0xd0 ./src/I2C_Driver.o
                0x00000db0                I2C_DriverInit
 .text.I2C_SendReadData
                0x00000e80       0x4c ./src/I2C_Driver.o
                0x00000e80                I2C_SendReadData
 .text.I2C_CheckStatus
                0x00000ecc       0x14 ./src/I2C_Driver.o
                0x00000ecc                I2C_CheckStatus
 .text.I2C_PointerToInternalReadBuffer
                0x00000ee0       0x10 ./src/I2C_Driver.o
                0x00000ee0                I2C_PointerToInternalReadBuffer
 .text.onlyDigitsExistInString
                0x00000ef0       0x28 ./src/StringGenerateParseModule.o
                0x00000ef0                onlyDigitsExistInString
 .text.atGetRangeCountStringGenerator
                0x00000f18      0x134 ./src/StringGenerateParseModule.o
                0x00000f18                atGetRangeCountStringGenerator
 .text.generateStatusString
                0x0000104c       0xe4 ./src/StringGenerateParseModule.o
                0x0000104c                generateStatusString
 .text.generateEventParametersString
                0x00001130       0xcc ./src/StringGenerateParseModule.o
                0x00001130                generateEventParametersString
 .text.parseConfigureSensorCommandParameters
                0x000011fc      0x120 ./src/StringGenerateParseModule.o
                0x000011fc                parseConfigureSensorCommandParameters
 .text.Chip_EEPROM_Write
                0x0000131c       0x34 ./src/iap.o
                0x0000131c                Chip_EEPROM_Write
 .text.Chip_EEPROM_Read
                0x00001350       0x34 ./src/iap.o
                0x00001350                Chip_EEPROM_Read
 .text.VL53L0X_write_multi
                0x00001384       0x44 ./Api/platform/src/vl53l0x_i2c.o
                0x00001384                VL53L0X_write_multi
 .text.VL53L0X_read_multi
                0x000013c8       0x40 ./Api/platform/src/vl53l0x_i2c.o
                0x000013c8                VL53L0X_read_multi
 .text.VL53L0X_delay
                0x00001408       0x30 ./Api/platform/src/vl53l0x_i2c.o
                0x00001408                VL53L0X_delay
 .text.VL53L0X_i2c_init
                0x00001438       0x34 ./Api/platform/src/vl53l0x_platform.o
                0x00001438                VL53L0X_i2c_init
 .text.VL53L0X_WriteMulti
                0x0000146c       0x24 ./Api/platform/src/vl53l0x_platform.o
                0x0000146c                VL53L0X_WriteMulti
 .text.VL53L0X_ReadMulti
                0x00001490       0x24 ./Api/platform/src/vl53l0x_platform.o
                0x00001490                VL53L0X_ReadMulti
 .text.VL53L0X_WrByte
                0x000014b4       0x28 ./Api/platform/src/vl53l0x_platform.o
                0x000014b4                VL53L0X_WrByte
 .text.VL53L0X_WrWord
                0x000014dc       0x2c ./Api/platform/src/vl53l0x_platform.o
                0x000014dc                VL53L0X_WrWord
 .text.VL53L0X_RdByte
                0x00001508       0x24 ./Api/platform/src/vl53l0x_platform.o
                0x00001508                VL53L0X_RdByte
 .text.VL53L0X_UpdateByte
                0x0000152c       0x40 ./Api/platform/src/vl53l0x_platform.o
                0x0000152c                VL53L0X_UpdateByte
 .text.VL53L0X_RdWord
                0x0000156c       0x34 ./Api/platform/src/vl53l0x_platform.o
                0x0000156c                VL53L0X_RdWord
 .text.VL53L0X_RdDWord
                0x000015a0       0x40 ./Api/platform/src/vl53l0x_platform.o
                0x000015a0                VL53L0X_RdDWord
 .text.VL53L0X_PollingDelay
                0x000015e0        0x8 ./Api/platform/src/vl53l0x_platform.o
                0x000015e0                VL53L0X_PollingDelay
 .text.VL53L0X_SetDeviceMode
                0x000015e8       0x1c ./Api/core/src/vl53l0x_api.o
                0x000015e8                VL53L0X_SetDeviceMode
 .text.VL53L0X_GetFractionEnable
                0x00001604       0x1c ./Api/core/src/vl53l0x_api.o
                0x00001604                VL53L0X_GetFractionEnable
 .text.VL53L0X_SetMeasurementTimingBudgetMicroSeconds
                0x00001620        0x8 ./Api/core/src/vl53l0x_api.o
                0x00001620                VL53L0X_SetMeasurementTimingBudgetMicroSeconds
 .text.VL53L0X_GetVcselPulsePeriod
                0x00001628        0x8 ./Api/core/src/vl53l0x_api.o
                0x00001628                VL53L0X_GetVcselPulsePeriod
 .text.VL53L0X_SetSequenceStepEnable
                0x00001630       0xc8 ./Api/core/src/vl53l0x_api.o
                0x00001630                VL53L0X_SetSequenceStepEnable
 .text.sequence_step_enabled
                0x000016f8       0x4c ./Api/core/src/vl53l0x_api.o
                0x000016f8                sequence_step_enabled
 .text.VL53L0X_GetSequenceStepEnables
                0x00001744       0x78 ./Api/core/src/vl53l0x_api.o
                0x00001744                VL53L0X_GetSequenceStepEnables
 .text.VL53L0X_GetInterMeasurementPeriodMilliSeconds
                0x000017bc       0x40 ./Api/core/src/vl53l0x_api.o
                0x000017bc                VL53L0X_GetInterMeasurementPeriodMilliSeconds
 .text.VL53L0X_GetXTalkCompensationEnable
                0x000017fc        0x8 ./Api/core/src/vl53l0x_api.o
                0x000017fc                VL53L0X_GetXTalkCompensationEnable
 .text.VL53L0X_GetXTalkCompensationRateMegaCps
                0x00001804       0x38 ./Api/core/src/vl53l0x_api.o
                0x00001804                VL53L0X_GetXTalkCompensationRateMegaCps
 .text.VL53L0X_SetLimitCheckEnable
                0x0000183c       0xa0 ./Api/core/src/vl53l0x_api.o
                0x0000183c                VL53L0X_SetLimitCheckEnable
 .text.VL53L0X_GetLimitCheckEnable
                0x000018dc       0x1c ./Api/core/src/vl53l0x_api.o
                0x000018dc                VL53L0X_GetLimitCheckEnable
 .text.VL53L0X_SetLimitCheckValue
                0x000018f8       0x68 ./Api/core/src/vl53l0x_api.o
                0x000018f8                VL53L0X_SetLimitCheckValue
 .text.VL53L0X_GetLimitCheckValue
                0x00001960       0x80 ./Api/core/src/vl53l0x_api.o
                0x00001960                VL53L0X_GetLimitCheckValue
 .text.VL53L0X_GetWrapAroundCheckEnable
                0x000019e0       0x3c ./Api/core/src/vl53l0x_api.o
                0x000019e0                VL53L0X_GetWrapAroundCheckEnable
 .text.VL53L0X_GetDeviceParameters
                0x00001a1c       0x78 ./Api/core/src/vl53l0x_api.o
                0x00001a1c                VL53L0X_GetDeviceParameters
 .text.VL53L0X_DataInit
                0x00001a94      0x1d8 ./Api/core/src/vl53l0x_api.o
                0x00001a94                VL53L0X_DataInit
 .text.VL53L0X_PerformRefCalibration
                0x00001c6c        0xc ./Api/core/src/vl53l0x_api.o
                0x00001c6c                VL53L0X_PerformRefCalibration
 .text.VL53L0X_GetRangingMeasurementData
                0x00001c78      0x158 ./Api/core/src/vl53l0x_api.o
                0x00001c78                VL53L0X_GetRangingMeasurementData
 .text.VL53L0X_GetInterruptThresholds
                0x00001dd0       0x44 ./Api/core/src/vl53l0x_api.o
                0x00001dd0                VL53L0X_GetInterruptThresholds
 .text.VL53L0X_CheckAndLoadInterruptSettings
                0x00001e14       0x88 ./Api/core/src/vl53l0x_api.o
                0x00001e14                VL53L0X_CheckAndLoadInterruptSettings
 .text.VL53L0X_StartMeasurement
                0x00001e9c      0x10c ./Api/core/src/vl53l0x_api.o
                0x00001e9c                VL53L0X_StartMeasurement
 .text.VL53L0X_PerformSingleMeasurement
                0x00001fa8       0x3c ./Api/core/src/vl53l0x_api.o
                0x00001fa8                VL53L0X_PerformSingleMeasurement
 .text.VL53L0X_ClearInterruptMask
                0x00001fe4       0x68 ./Api/core/src/vl53l0x_api.o
                0x00001fe4                VL53L0X_ClearInterruptMask
 .text.VL53L0X_PerformSingleRangingMeasurement
                0x0000204c       0x34 ./Api/core/src/vl53l0x_api.o
                0x0000204c                VL53L0X_PerformSingleRangingMeasurement
 .text.VL53L0X_SetGpioConfig
                0x00002080      0x158 ./Api/core/src/vl53l0x_api.o
                0x00002080                VL53L0X_SetGpioConfig
 .text.VL53L0X_StaticInit
                0x000021d8      0x1a4 ./Api/core/src/vl53l0x_api.o
                0x000021d8                VL53L0X_StaticInit
 .text.VL53L0X_GetInterruptMaskStatus
                0x0000237c       0x28 ./Api/core/src/vl53l0x_api.o
                0x0000237c                VL53L0X_GetInterruptMaskStatus
 .text.VL53L0X_GetMeasurementDataReady
                0x000023a4       0x50 ./Api/core/src/vl53l0x_api.o
                0x000023a4                VL53L0X_GetMeasurementDataReady
 .text.VL53L0X_PerformRefSpadManagement
                0x000023f4        0x8 ./Api/core/src/vl53l0x_api.o
                0x000023f4                VL53L0X_PerformRefSpadManagement
 .text.VL53L0X_get_offset_calibration_data_micro_meter
                0x000023fc       0x44 ./Api/core/src/vl53l0x_api_calibration.o
                0x000023fc                VL53L0X_get_offset_calibration_data_micro_meter
 .text.get_next_good_spad
                0x00002440       0x5c ./Api/core/src/vl53l0x_api_calibration.o
                0x00002440                get_next_good_spad
 .text.is_aperture
                0x0000249c       0x14 ./Api/core/src/vl53l0x_api_calibration.o
                0x0000249c                is_aperture
 .text.enable_spad_bit
                0x000024b0       0x24 ./Api/core/src/vl53l0x_api_calibration.o
                0x000024b0                enable_spad_bit
 .text.set_ref_spad_map
                0x000024d4       0x10 ./Api/core/src/vl53l0x_api_calibration.o
                0x000024d4                set_ref_spad_map
 .text.get_ref_spad_map
                0x000024e4       0x10 ./Api/core/src/vl53l0x_api_calibration.o
                0x000024e4                get_ref_spad_map
 .text.enable_ref_spads
                0x000024f4       0xbc ./Api/core/src/vl53l0x_api_calibration.o
                0x000024f4                enable_ref_spads
 .text.perform_ref_signal_measurement
                0x000025b0       0x6c ./Api/core/src/vl53l0x_api_calibration.o
                0x000025b0                perform_ref_signal_measurement
 .text.VL53L0X_set_reference_spads
                0x0000261c       0xd4 ./Api/core/src/vl53l0x_api_calibration.o
                0x0000261c                VL53L0X_set_reference_spads
 .text.VL53L0X_perform_single_ref_calibration
                0x000026f0       0x3c ./Api/core/src/vl53l0x_api_calibration.o
                0x000026f0                VL53L0X_perform_single_ref_calibration
 .text.VL53L0X_ref_calibration_io
                0x0000272c       0xe0 ./Api/core/src/vl53l0x_api_calibration.o
                0x0000272c                VL53L0X_ref_calibration_io
 .text.VL53L0X_perform_vhv_calibration
                0x0000280c       0x94 ./Api/core/src/vl53l0x_api_calibration.o
                0x0000280c                VL53L0X_perform_vhv_calibration
 .text.VL53L0X_perform_phase_calibration
                0x000028a0       0x90 ./Api/core/src/vl53l0x_api_calibration.o
                0x000028a0                VL53L0X_perform_phase_calibration
 .text.VL53L0X_perform_ref_calibration
                0x00002930       0x50 ./Api/core/src/vl53l0x_api_calibration.o
                0x00002930                VL53L0X_perform_ref_calibration
 .text.VL53L0X_perform_ref_spad_management
                0x00002980      0x2c4 ./Api/core/src/vl53l0x_api_calibration.o
                0x00002980                VL53L0X_perform_ref_spad_management
 .text.VL53L0X_measurement_poll_for_completion
                0x00002c44       0x3c ./Api/core/src/vl53l0x_api_core.o
                0x00002c44                VL53L0X_measurement_poll_for_completion
 .text.VL53L0X_isqrt
                0x00002c80       0x3c ./Api/core/src/vl53l0x_api_core.o
                0x00002c80                VL53L0X_isqrt
 .text.VL53L0X_device_read_strobe
                0x00002cbc       0x68 ./Api/core/src/vl53l0x_api_core.o
                0x00002cbc                VL53L0X_device_read_strobe
 .text.VL53L0X_get_info_from_device
                0x00002d24      0x5b4 ./Api/core/src/vl53l0x_api_core.o
                0x00002d24                VL53L0X_get_info_from_device
 .text.VL53L0X_encode_timeout
                0x000032d8       0x34 ./Api/core/src/vl53l0x_api_core.o
                0x000032d8                VL53L0X_encode_timeout
 .text.VL53L0X_decode_timeout
                0x0000330c       0x10 ./Api/core/src/vl53l0x_api_core.o
                0x0000330c                VL53L0X_decode_timeout
 .text.VL53L0X_calc_timeout_mclks
                0x0000331c       0x2c ./Api/core/src/vl53l0x_api_core.o
                0x0000331c                VL53L0X_calc_timeout_mclks
 .text.VL53L0X_calc_timeout_us
                0x00003348       0x28 ./Api/core/src/vl53l0x_api_core.o
                0x00003348                VL53L0X_calc_timeout_us
 .text.get_sequence_step_timeout
                0x00003370      0x128 ./Api/core/src/vl53l0x_api_core.o
                0x00003370                get_sequence_step_timeout
 .text.set_sequence_step_timeout
                0x00003498      0x108 ./Api/core/src/vl53l0x_api_core.o
                0x00003498                set_sequence_step_timeout
 .text.VL53L0X_get_vcsel_pulse_period
                0x000035a0       0x40 ./Api/core/src/vl53l0x_api_core.o
                0x000035a0                VL53L0X_get_vcsel_pulse_period
 .text.VL53L0X_set_measurement_timing_budget_micro_seconds
                0x000035e0      0x100 ./Api/core/src/vl53l0x_api_core.o
                0x000035e0                VL53L0X_set_measurement_timing_budget_micro_seconds
 .text.VL53L0X_get_measurement_timing_budget_micro_seconds
                0x000036e0       0xf8 ./Api/core/src/vl53l0x_api_core.o
                0x000036e0                VL53L0X_get_measurement_timing_budget_micro_seconds
 .text.VL53L0X_load_tuning_settings
                0x000037d8       0xe0 ./Api/core/src/vl53l0x_api_core.o
                0x000037d8                VL53L0X_load_tuning_settings
 .text.VL53L0X_get_total_xtalk_rate
                0x000038b8       0x34 ./Api/core/src/vl53l0x_api_core.o
                0x000038b8                VL53L0X_get_total_xtalk_rate
 .text.VL53L0X_get_total_signal_rate
                0x000038ec       0x20 ./Api/core/src/vl53l0x_api_core.o
                0x000038ec                VL53L0X_get_total_signal_rate
 .text.VL53L0X_calc_dmax
                0x0000390c       0xe8 ./Api/core/src/vl53l0x_api_core.o
                0x0000390c                VL53L0X_calc_dmax
 .text.VL53L0X_calc_sigma_estimate
                0x000039f4      0x288 ./Api/core/src/vl53l0x_api_core.o
                0x000039f4                VL53L0X_calc_sigma_estimate
 .text.VL53L0X_get_pal_range_status
                0x00003c7c      0x278 ./Api/core/src/vl53l0x_api_core.o
                0x00003c7c                VL53L0X_get_pal_range_status
 .text.SystemCoreClockUpdate
                0x00003ef4       0x10 D:\NXP_workspace\lpc_chip_11uxx_lib\Debug\liblpc_chip_11uxx_lib.a(chip_11xx.o)
                0x00003ef4                SystemCoreClockUpdate
 .text.Chip_Clock_GetWDTLFORate
                0x00003f04       0x20 D:\NXP_workspace\lpc_chip_11uxx_lib\Debug\liblpc_chip_11uxx_lib.a(clock_11xx.o)
 .text.Chip_Clock_GetPLLFreq
                0x00003f24        0xc D:\NXP_workspace\lpc_chip_11uxx_lib\Debug\liblpc_chip_11uxx_lib.a(clock_11xx.o)
 .text.Chip_Clock_SetSystemPLLSource
                0x00003f30       0x14 D:\NXP_workspace\lpc_chip_11uxx_lib\Debug\liblpc_chip_11uxx_lib.a(clock_11xx.o)
                0x00003f30                Chip_Clock_SetSystemPLLSource
 .text.Chip_Clock_SetUSBPLLSource
                0x00003f44       0x14 D:\NXP_workspace\lpc_chip_11uxx_lib\Debug\liblpc_chip_11uxx_lib.a(clock_11xx.o)
                0x00003f44                Chip_Clock_SetUSBPLLSource
 .text.Chip_Clock_SetMainClockSource
                0x00003f58       0x14 D:\NXP_workspace\lpc_chip_11uxx_lib\Debug\liblpc_chip_11uxx_lib.a(clock_11xx.o)
                0x00003f58                Chip_Clock_SetMainClockSource
 .text.Chip_Clock_SetUSBClockSource
                0x00003f6c       0x1c D:\NXP_workspace\lpc_chip_11uxx_lib\Debug\liblpc_chip_11uxx_lib.a(clock_11xx.o)
                0x00003f6c                Chip_Clock_SetUSBClockSource
 .text.Chip_Clock_GetWDTOSCRate
                0x00003f88       0x10 D:\NXP_workspace\lpc_chip_11uxx_lib\Debug\liblpc_chip_11uxx_lib.a(clock_11xx.o)
                0x00003f88                Chip_Clock_GetWDTOSCRate
 .text.Chip_Clock_GetSystemPLLInClockRate
                0x00003f98       0x2c D:\NXP_workspace\lpc_chip_11uxx_lib\Debug\liblpc_chip_11uxx_lib.a(clock_11xx.o)
                0x00003f98                Chip_Clock_GetSystemPLLInClockRate
 .text.Chip_Clock_GetSystemPLLOutClockRate
                0x00003fc4       0x18 D:\NXP_workspace\lpc_chip_11uxx_lib\Debug\liblpc_chip_11uxx_lib.a(clock_11xx.o)
                0x00003fc4                Chip_Clock_GetSystemPLLOutClockRate
 .text.Chip_Clock_GetMainClockRate
                0x00003fdc       0x40 D:\NXP_workspace\lpc_chip_11uxx_lib\Debug\liblpc_chip_11uxx_lib.a(clock_11xx.o)
                0x00003fdc                Chip_Clock_GetMainClockRate
 .text.Chip_Clock_GetSystemClockRate
                0x0000401c       0x14 D:\NXP_workspace\lpc_chip_11uxx_lib\Debug\liblpc_chip_11uxx_lib.a(clock_11xx.o)
                0x0000401c                Chip_Clock_GetSystemClockRate
 .text.Chip_IOCON_PinMuxSet
                0x00004030       0x14 D:\NXP_workspace\lpc_chip_11uxx_lib\Debug\liblpc_chip_11uxx_lib.a(iocon_11xx.o)
                0x00004030                Chip_IOCON_PinMuxSet
 .text.Chip_SYSCTL_PowerDown
                0x00004044       0x20 D:\NXP_workspace\lpc_chip_11uxx_lib\Debug\liblpc_chip_11uxx_lib.a(sysctl_11xx.o)
                0x00004044                Chip_SYSCTL_PowerDown
 .text.Chip_SYSCTL_PowerUp
                0x00004064       0x28 D:\NXP_workspace\lpc_chip_11uxx_lib\Debug\liblpc_chip_11uxx_lib.a(sysctl_11xx.o)
                0x00004064                Chip_SYSCTL_PowerUp
 .text.USB_Init_Device
                0x0000408c       0x48 D:\NXP_workspace\nxp_lpcxpresso_11u14_usblib_device\Debug\libnxp_lpcxpresso_11u14_usblib_device.a(USBController.o)
 .text.USB_ResetInterface
                0x000040d4        0xc D:\NXP_workspace\nxp_lpcxpresso_11u14_usblib_device\Debug\libnxp_lpcxpresso_11u14_usblib_device.a(USBController.o)
                0x000040d4                USB_ResetInterface
 .text.USB_Init
                0x000040e0       0x28 D:\NXP_workspace\nxp_lpcxpresso_11u14_usblib_device\Debug\libnxp_lpcxpresso_11u14_usblib_device.a(USBController.o)
                0x000040e0                USB_Init
 .text.USB_DeviceTask
                0x00004108       0x34 D:\NXP_workspace\nxp_lpcxpresso_11u14_usblib_device\Debug\libnxp_lpcxpresso_11u14_usblib_device.a(USBTask.o)
 .text.USB_USBTask
                0x0000413c        0x8 D:\NXP_workspace\nxp_lpcxpresso_11u14_usblib_device\Debug\libnxp_lpcxpresso_11u14_usblib_device.a(USBTask.o)
                0x0000413c                USB_USBTask
 .text.CDC_Device_ConfigureEndpoints
                0x00004144       0x88 D:\NXP_workspace\nxp_lpcxpresso_11u14_usblib_device\Debug\libnxp_lpcxpresso_11u14_usblib_device.a(CDCClassDevice.o)
                0x00004144                CDC_Device_ConfigureEndpoints
 .text.CDC_Device_SendData
                0x000041cc       0x98 D:\NXP_workspace\nxp_lpcxpresso_11u14_usblib_device\Debug\libnxp_lpcxpresso_11u14_usblib_device.a(CDCClassDevice.o)
                0x000041cc                CDC_Device_SendData
 .text.CDC_Device_BytesReceived
                0x00004264       0xdc D:\NXP_workspace\nxp_lpcxpresso_11u14_usblib_device\Debug\libnxp_lpcxpresso_11u14_usblib_device.a(CDCClassDevice.o)
                0x00004264                CDC_Device_BytesReceived
 .text.CDC_Device_ReceiveByte
                0x00004340      0x138 D:\NXP_workspace\nxp_lpcxpresso_11u14_usblib_device\Debug\libnxp_lpcxpresso_11u14_usblib_device.a(CDCClassDevice.o)
                0x00004340                CDC_Device_ReceiveByte
 .text.CDC_Device_Event_Stub2
                0x00004478        0x4 D:\NXP_workspace\nxp_lpcxpresso_11u14_usblib_device\Debug\libnxp_lpcxpresso_11u14_usblib_device.a(CDCClassDevice.o)
                0x00004478                CDC_Device_Event_Stub2
                0x00004478                EVENT_CDC_Device_BreakSent
 .text.CDC_Device_ProcessControlRequest
                0x0000447c      0x5a4 D:\NXP_workspace\nxp_lpcxpresso_11u14_usblib_device\Debug\libnxp_lpcxpresso_11u14_usblib_device.a(CDCClassDevice.o)
                0x0000447c                CDC_Device_ProcessControlRequest
 .text.HID_Device_ProcessControlRequest
                0x00004a20      0x3d0 D:\NXP_workspace\nxp_lpcxpresso_11u14_usblib_device\Debug\libnxp_lpcxpresso_11u14_usblib_device.a(HIDClassDevice.o)
                0x00004a20                HID_Device_ProcessControlRequest
 .text.HID_Device_ConfigureEndpoints
                0x00004df0       0x38 D:\NXP_workspace\nxp_lpcxpresso_11u14_usblib_device\Debug\libnxp_lpcxpresso_11u14_usblib_device.a(HIDClassDevice.o)
                0x00004df0                HID_Device_ConfigureEndpoints
 .text.HID_Device_USBTask
                0x00004e28      0x1ec D:\NXP_workspace\nxp_lpcxpresso_11u14_usblib_device\Debug\libnxp_lpcxpresso_11u14_usblib_device.a(HIDClassDevice.o)
                0x00004e28                HID_Device_USBTask
 .text.HAL_USBInit
                0x00005014       0x60 D:\NXP_workspace\nxp_lpcxpresso_11u14_usblib_device\Debug\libnxp_lpcxpresso_11u14_usblib_device.a(HAL_LPC11Uxx.o)
                0x00005014                HAL_USBInit
 .text.HAL_EnableUSBInterrupt
                0x00005074       0x10 D:\NXP_workspace\nxp_lpcxpresso_11u14_usblib_device\Debug\libnxp_lpcxpresso_11u14_usblib_device.a(HAL_LPC11Uxx.o)
                0x00005074                HAL_EnableUSBInterrupt
 .text.HAL_SetDeviceAddress
                0x00005084       0x1c D:\NXP_workspace\nxp_lpcxpresso_11u14_usblib_device\Debug\libnxp_lpcxpresso_11u14_usblib_device.a(HAL_LPC11Uxx.o)
                0x00005084                HAL_SetDeviceAddress
 .text.HAL_USBConnect
                0x000050a0       0x28 D:\NXP_workspace\nxp_lpcxpresso_11u14_usblib_device\Debug\libnxp_lpcxpresso_11u14_usblib_device.a(HAL_LPC11Uxx.o)
                0x000050a0                HAL_USBConnect
 .text.HAL_Reset
                0x000050c8       0x60 D:\NXP_workspace\nxp_lpcxpresso_11u14_usblib_device\Debug\libnxp_lpcxpresso_11u14_usblib_device.a(Endpoint_LPC11Uxx.o)
                0x000050c8                HAL_Reset
 .text.Endpoint_ConfigureEndpointControl
                0x00005128       0x60 D:\NXP_workspace\nxp_lpcxpresso_11u14_usblib_device\Debug\libnxp_lpcxpresso_11u14_usblib_device.a(Endpoint_LPC11Uxx.o)
                0x00005128                Endpoint_ConfigureEndpointControl
 .text.Endpoint_ConfigureEndpoint
                0x00005188       0x80 D:\NXP_workspace\nxp_lpcxpresso_11u14_usblib_device\Debug\libnxp_lpcxpresso_11u14_usblib_device.a(Endpoint_LPC11Uxx.o)
                0x00005188                Endpoint_ConfigureEndpoint
 .text.DcdDataTransfer
                0x00005208       0x70 D:\NXP_workspace\nxp_lpcxpresso_11u14_usblib_device\Debug\libnxp_lpcxpresso_11u14_usblib_device.a(Endpoint_LPC11Uxx.o)
                0x00005208                DcdDataTransfer
 .text.Endpoint_GetSetupPackage
                0x00005278       0x2c D:\NXP_workspace\nxp_lpcxpresso_11u14_usblib_device\Debug\libnxp_lpcxpresso_11u14_usblib_device.a(Endpoint_LPC11Uxx.o)
                0x00005278                Endpoint_GetSetupPackage
 .text.USB_IRQHandler
                0x000052a4      0x1c0 D:\NXP_workspace\nxp_lpcxpresso_11u14_usblib_device\Debug\libnxp_lpcxpresso_11u14_usblib_device.a(Endpoint_LPC11Uxx.o)
                0x000052a4                USB_IRQHandler
 .text.USB_Device_ClearSetFeature
                0x00005464       0xec D:\NXP_workspace\nxp_lpcxpresso_11u14_usblib_device\Debug\libnxp_lpcxpresso_11u14_usblib_device.a(DeviceStandardReq.o)
 .text.USB_Device_GetStatus
                0x00005550      0x14c D:\NXP_workspace\nxp_lpcxpresso_11u14_usblib_device\Debug\libnxp_lpcxpresso_11u14_usblib_device.a(DeviceStandardReq.o)
 .text.USB_Device_GetConfiguration
                0x0000569c       0xbc D:\NXP_workspace\nxp_lpcxpresso_11u14_usblib_device\Debug\libnxp_lpcxpresso_11u14_usblib_device.a(DeviceStandardReq.o)
 .text.USB_Device_SetAddress
                0x00005758       0x8c D:\NXP_workspace\nxp_lpcxpresso_11u14_usblib_device\Debug\libnxp_lpcxpresso_11u14_usblib_device.a(DeviceStandardReq.o)
 .text.USB_Device_GetDescriptor
                0x000057e4       0x98 D:\NXP_workspace\nxp_lpcxpresso_11u14_usblib_device\Debug\libnxp_lpcxpresso_11u14_usblib_device.a(DeviceStandardReq.o)
 .text.USB_Device_SetConfiguration
                0x0000587c       0x5c D:\NXP_workspace\nxp_lpcxpresso_11u14_usblib_device\Debug\libnxp_lpcxpresso_11u14_usblib_device.a(DeviceStandardReq.o)
 .text.USB_Device_ProcessControlRequest
                0x000058d8       0xe8 D:\NXP_workspace\nxp_lpcxpresso_11u14_usblib_device\Debug\libnxp_lpcxpresso_11u14_usblib_device.a(DeviceStandardReq.o)
                0x000058d8                USB_Device_ProcessControlRequest
 .text.Endpoint_ClearStatusStage
                0x000059c0       0xbc D:\NXP_workspace\nxp_lpcxpresso_11u14_usblib_device\Debug\libnxp_lpcxpresso_11u14_usblib_device.a(Endpoint.o)
                0x000059c0                Endpoint_ClearStatusStage
 .text.Endpoint_Write_Stream_LE
                0x00005a7c       0xfc D:\NXP_workspace\nxp_lpcxpresso_11u14_usblib_device\Debug\libnxp_lpcxpresso_11u14_usblib_device.a(EndpointStream.o)
                0x00005a7c                Endpoint_Write_Stream_LE
 .text.Endpoint_Read_Stream_LE
                0x00005b78       0xf0 D:\NXP_workspace\nxp_lpcxpresso_11u14_usblib_device\Debug\libnxp_lpcxpresso_11u14_usblib_device.a(EndpointStream.o)
                0x00005b78                Endpoint_Read_Stream_LE
 .text.Endpoint_Write_Control_Stream_LE
                0x00005c68       0x88 D:\NXP_workspace\nxp_lpcxpresso_11u14_usblib_device\Debug\libnxp_lpcxpresso_11u14_usblib_device.a(EndpointStream.o)
                0x00005c68                Endpoint_Write_Control_Stream_LE
 .text.Endpoint_Read_Control_Stream_LE
                0x00005cf0       0xa0 D:\NXP_workspace\nxp_lpcxpresso_11u14_usblib_device\Debug\libnxp_lpcxpresso_11u14_usblib_device.a(EndpointStream.o)
                0x00005cf0                Endpoint_Read_Control_Stream_LE
 .text.memcpy   0x00005d90        0x8 d:/nxp/lpcxpresso_7.2.0_153/lpcxpresso/tools/bin/../lib/gcc/arm-none-eabi/4.8.3/../../../../arm-none-eabi/lib/armv6-m\libcr_c.a(memcpy.o)
                0x00005d90                memcpy
 .text.memset   0x00005d98        0x8 d:/nxp/lpcxpresso_7.2.0_153/lpcxpresso/tools/bin/../lib/gcc/arm-none-eabi/4.8.3/../../../../arm-none-eabi/lib/armv6-m\libcr_c.a(memset.o)
                0x00005d98                memset
 .text.__weak_main
                0x00005da0        0x8 d:/nxp/lpcxpresso_7.2.0_153/lpcxpresso/tools/bin/../lib/gcc/arm-none-eabi/4.8.3/../../../../arm-none-eabi/lib/armv6-m\libcr_c.a(__weak__main.o)
                0x00005da0                __weak_main
                0x00005da0                __main
 .text.isdigit  0x00005da8       0x14 d:/nxp/lpcxpresso_7.2.0_153/lpcxpresso/tools/bin/../lib/gcc/arm-none-eabi/4.8.3/../../../../arm-none-eabi/lib/armv6-m\libcr_c.a(ctype.o)
                0x00005da8                isdigit
 .text.itoa     0x00005dbc       0x68 d:/nxp/lpcxpresso_7.2.0_153/lpcxpresso/tools/bin/../lib/gcc/arm-none-eabi/4.8.3/../../../../arm-none-eabi/lib/armv6-m\libcr_c.a(itoa.o)
                0x00005dbc                itoa
 .text.memcmp   0x00005e24       0x3a d:/nxp/lpcxpresso_7.2.0_153/lpcxpresso/tools/bin/../lib/gcc/arm-none-eabi/4.8.3/../../../../arm-none-eabi/lib/armv6-m\libcr_c.a(memcmp.o)
                0x00005e24                memcmp
 *fill*         0x00005e5e        0x2 
 .text.ch_val   0x00005e60       0x30 d:/nxp/lpcxpresso_7.2.0_153/lpcxpresso/tools/bin/../lib/gcc/arm-none-eabi/4.8.3/../../../../arm-none-eabi/lib/armv6-m\libcr_c.a(scanf.o)
 .text._strtoul
                0x00005e90       0xcc d:/nxp/lpcxpresso_7.2.0_153/lpcxpresso/tools/bin/../lib/gcc/arm-none-eabi/4.8.3/../../../../arm-none-eabi/lib/armv6-m\libcr_c.a(scanf.o)
 .text.strtol   0x00005f5c       0x80 d:/nxp/lpcxpresso_7.2.0_153/lpcxpresso/tools/bin/../lib/gcc/arm-none-eabi/4.8.3/../../../../arm-none-eabi/lib/armv6-m\libcr_c.a(scanf.o)
                0x00005f5c                strtol
 .text.atoi     0x00005fdc       0x18 d:/nxp/lpcxpresso_7.2.0_153/lpcxpresso/tools/bin/../lib/gcc/arm-none-eabi/4.8.3/../../../../arm-none-eabi/lib/armv6-m\libcr_c.a(scanf.o)
                0x00005fdc                atoi
 .text.abs      0x00005ff4        0x8 d:/nxp/lpcxpresso_7.2.0_153/lpcxpresso/tools/bin/../lib/gcc/arm-none-eabi/4.8.3/../../../../arm-none-eabi/lib/armv6-m\libcr_c.a(stdlib.o)
                0x00005ff4                abs
 .text.strcat   0x00005ffc       0x1a d:/nxp/lpcxpresso_7.2.0_153/lpcxpresso/tools/bin/../lib/gcc/arm-none-eabi/4.8.3/../../../../arm-none-eabi/lib/armv6-m\libcr_c.a(strcat.o)
                0x00005ffc                strcat
 *fill*         0x00006016        0x2 
 .text.strcmp   0x00006018       0x44 d:/nxp/lpcxpresso_7.2.0_153/lpcxpresso/tools/bin/../lib/gcc/arm-none-eabi/4.8.3/../../../../arm-none-eabi/lib/armv6-m\libcr_c.a(strcmp.o)
                0x00006018                strcmp
 .text.strcpy   0x0000605c       0x44 d:/nxp/lpcxpresso_7.2.0_153/lpcxpresso/tools/bin/../lib/gcc/arm-none-eabi/4.8.3/../../../../arm-none-eabi/lib/armv6-m\libcr_c.a(strcpy.o)
                0x0000605c                strcpy
 .text.strlen   0x000060a0       0x54 d:/nxp/lpcxpresso_7.2.0_153/lpcxpresso/tools/bin/../lib/gcc/arm-none-eabi/4.8.3/../../../../arm-none-eabi/lib/armv6-m\libcr_c.a(strlen.o)
                0x000060a0                strlen
 .text.strstr   0x000060f4       0x22 d:/nxp/lpcxpresso_7.2.0_153/lpcxpresso/tools/bin/../lib/gcc/arm-none-eabi/4.8.3/../../../../arm-none-eabi/lib/armv6-m\libcr_c.a(strstr.o)
                0x000060f4                strstr
 *fill*         0x00006116        0x2 
 .text.strtok   0x00006118       0x44 d:/nxp/lpcxpresso_7.2.0_153/lpcxpresso/tools/bin/../lib/gcc/arm-none-eabi/4.8.3/../../../../arm-none-eabi/lib/armv6-m\libcr_c.a(strtok.o)
                0x00006118                strtok
 .text.strcspn  0x0000615c       0x22 d:/nxp/lpcxpresso_7.2.0_153/lpcxpresso/tools/bin/../lib/gcc/arm-none-eabi/4.8.3/../../../../arm-none-eabi/lib/armv6-m\libcr_c.a(strcspn.o)
                0x0000615c                strcspn
 .text.strspn   0x0000617e       0x22 d:/nxp/lpcxpresso_7.2.0_153/lpcxpresso/tools/bin/../lib/gcc/arm-none-eabi/4.8.3/../../../../arm-none-eabi/lib/armv6-m\libcr_c.a(strspn.o)
                0x0000617e                strspn
 .text.__aeabi_division_idivmod
                0x000061a0       0x78 d:/nxp/lpcxpresso_7.2.0_153/lpcxpresso/tools/bin/../lib/gcc/arm-none-eabi/4.8.3/armv6-m\libcr_eabihelpers.a(division_32.o)
                0x000061a0                __aeabi_idivmod
                0x000061a0                __aeabi_idiv
                0x000061a6                __aeabi_uidivmod
                0x000061a6                __aeabi_uidiv
 .text.__aeabi_division_idiv0
                0x00006218        0x2 d:/nxp/lpcxpresso_7.2.0_153/lpcxpresso/tools/bin/../lib/gcc/arm-none-eabi/4.8.3/armv6-m\libcr_eabihelpers.a(division_idiv0.o)
                0x00006218                __aeabi_idiv0
 .text.__aeabi_memcpy
                0x0000621a       0x2c d:/nxp/lpcxpresso_7.2.0_153/lpcxpresso/tools/bin/../lib/gcc/arm-none-eabi/4.8.3/armv6-m\libcr_eabihelpers.a(memcpy.o)
                0x0000621a                __aeabi_memcpy4
                0x0000621a                __aeabi_memcpy8
                0x0000621a                __aeabi_memcpy
 .text.__aeabi_memset_lowlevel
                0x00006246       0x2a d:/nxp/lpcxpresso_7.2.0_153/lpcxpresso/tools/bin/../lib/gcc/arm-none-eabi/4.8.3/armv6-m\libcr_eabihelpers.a(memcpy.o)
                0x00006246                __aeabi_lowlevel_memset
 *(.rodata .rodata.* .constdata .constdata.*)
 .rodata.CALLBACK_USB_GetDescriptor
                0x00006270       0x8c ./src/Descriptors.o
 .rodata.TIMER16_0_IRQHandler
                0x000062fc       0x1c ./src/FootController.o
 .rodata.str1.4
                0x00006318      0xb5e ./src/FootController.o
                                0xb60 (size before relaxing)
 *fill*         0x00006e76        0x2 
 .rodata.I2C_InterruptProccess
                0x00006e78      0x144 ./src/I2C_Driver.o
 .rodata.str1.4
                0x00006fbc      0x104 ./src/StringGenerateParseModule.o
                                0x120 (size before relaxing)
 .rodata.OscRateIn
                0x000070c0        0x4 ./src/sysinit.o
                0x000070c0                OscRateIn
 .rodata.VL53L0X_SetDeviceMode
                0x000070c4       0x58 ./Api/core/src/vl53l0x_api.o
 .rodata.VL53L0X_SetSequenceStepEnable
                0x0000711c       0x28 ./Api/core/src/vl53l0x_api.o
 .rodata.sequence_step_enabled
                0x00007144       0x14 ./Api/core/src/vl53l0x_api.o
 .rodata.VL53L0X_SetLimitCheckEnable
                0x00007158       0x18 ./Api/core/src/vl53l0x_api.o
 .rodata.VL53L0X_SetLimitCheckValue
                0x00007170       0x18 ./Api/core/src/vl53l0x_api.o
 .rodata.VL53L0X_GetLimitCheckValue
                0x00007188       0x18 ./Api/core/src/vl53l0x_api.o
 .rodata.VL53L0X_SetGpioConfig
                0x000071a0       0x14 ./Api/core/src/vl53l0x_api.o
 .rodata.wdtOSCRate
                0x000071b4       0x40 D:\NXP_workspace\lpc_chip_11uxx_lib\Debug\liblpc_chip_11uxx_lib.a(clock_11xx.o)
 .rodata.HID_Device_ProcessControlRequest
                0x000071f4       0x30 D:\NXP_workspace\nxp_lpcxpresso_11u14_usblib_device\Debug\libnxp_lpcxpresso_11u14_usblib_device.a(HIDClassDevice.o)
 .rodata.USB_Device_ProcessControlRequest
                0x00007224       0x28 D:\NXP_workspace\nxp_lpcxpresso_11u14_usblib_device\Debug\libnxp_lpcxpresso_11u14_usblib_device.a(DeviceStandardReq.o)
 .rodata.__ctype
                0x0000724c      0x180 d:/nxp/lpcxpresso_7.2.0_153/lpcxpresso/tools/bin/../lib/gcc/arm-none-eabi/4.8.3/../../../../arm-none-eabi/lib/armv6-m\libcr_c.a(ctype.o)
                0x0000724c                __ctype
 .rodata.digits
                0x000073cc       0x11 d:/nxp/lpcxpresso_7.2.0_153/lpcxpresso/tools/bin/../lib/gcc/arm-none-eabi/4.8.3/../../../../arm-none-eabi/lib/armv6-m\libcr_c.a(itoa.o)
 .rodata.str1.1
                0x000073dd        0x1 d:/nxp/lpcxpresso_7.2.0_153/lpcxpresso/tools/bin/../lib/gcc/arm-none-eabi/4.8.3/../../../../arm-none-eabi/lib/armv6-m\libcr_c.a(strtok.o)
                0x000073e0                . = ALIGN (0x4)
 *fill*         0x000073de        0x2 ff

.glue_7         0x000073e0        0x0
 .glue_7        0x00000000        0x0 linker stubs

.glue_7t        0x000073e0        0x0
 .glue_7t       0x00000000        0x0 linker stubs

.vfp11_veneer   0x000073e0        0x0
 .vfp11_veneer  0x00000000        0x0 linker stubs

.v4_bx          0x000073e0        0x0
 .v4_bx         0x00000000        0x0 linker stubs

.iplt           0x000073e0        0x0
 .iplt          0x00000000        0x0 ./src/Descriptors.o

.rel.dyn        0x000073e0        0x0
 .rel.iplt      0x00000000        0x0 ./src/Descriptors.o

.ARM.extab
 *(.ARM.extab* .gnu.linkonce.armextab.*)
                0x000073e0                __exidx_start = .

.ARM.exidx
 *(.ARM.exidx* .gnu.linkonce.armexidx.*)
                0x000073e0                __exidx_end = .
                0x000073e0                _etext = .

.data_RAM2      0x20004000        0x0 load address 0x000073e0
 FILL mask 0xff
 *(.ramfunc.$RAM2)
 *(.ramfunc.$RamUsb2)
 *(.data.$RAM2*)
 *(.data.$RamUsb2*)
                0x20004000                . = ALIGN (0x4)

.uninit_RESERVED
                0x10000000        0x0
 *(.bss.$RESERVED*)
                0x10000000                . = ALIGN (0x4)
                0x10000000                _end_uninit_RESERVED = .

.data           0x10000000      0x424 load address 0x000073e0
 FILL mask 0xff
                0x10000000                _data = .
 *(vtable)
 *(.ramfunc*)
 *(.data*)
 .data.KeyboardReport
                0x10000000       0x40 ./src/Descriptors.o
                0x10000000                KeyboardReport
 .data.DeviceDescriptor
                0x10000040       0x14 ./src/Descriptors.o
                0x10000040                DeviceDescriptor
 .data.ProductString
                0x10000054       0x20 ./src/Descriptors.o
                0x10000054                ProductString
 .data.ProductStringPtr
                0x10000074        0x4 ./src/Descriptors.o
                0x10000074                ProductStringPtr
 .data.LanguageString
                0x10000078        0x4 ./src/Descriptors.o
                0x10000078                LanguageString
 .data.ManufacturerString
                0x1000007c        0xc ./src/Descriptors.o
                0x1000007c                ManufacturerString
 .data.SerialConfiguratorStringPtr
                0x10000088        0x4 ./src/Descriptors.o
                0x10000088                SerialConfiguratorStringPtr
 .data.LanguageStringPtr
                0x1000008c        0x4 ./src/Descriptors.o
                0x1000008c                LanguageStringPtr
 .data.ConfigurationDescriptor
                0x10000090       0x60 ./src/Descriptors.o
                0x10000090                ConfigurationDescriptor
 .data.ManufacturerStringPtr
                0x100000f0        0x4 ./src/Descriptors.o
                0x100000f0                ManufacturerStringPtr
 .data.SerialConfiguratorString
                0x100000f4       0x28 ./src/Descriptors.o
                0x100000f4                SerialConfiguratorString
 .data.invalidParametersString
                0x1000011c        0x4 ./src/FootController.o
                0x1000011c                invalidParametersString
 .data.helpString
                0x10000120        0x4 ./src/FootController.o
                0x10000120                helpString
 .data.invalidCommandString
                0x10000124        0x4 ./src/FootController.o
                0x10000124                invalidCommandString
 .data.VirtualSerial_CDC_Interface
                0x10000128       0x1c ./src/FootController.o
                0x10000128                VirtualSerial_CDC_Interface
 .data.Keyboard_HID_Interface
                0x10000144       0x18 ./src/FootController.o
                0x10000144                Keyboard_HID_Interface
 .data.correctParametersString
                0x1000015c        0x4 ./src/FootController.o
                0x1000015c                correctParametersString
 .data.errorProgramExecutionString
                0x10000160        0x4 ./src/FootController.o
                0x10000160                errorProgramExecutionString
 .data.DefaultTuningSettings
                0x10000164       0xf4 ./Api/core/src/vl53l0x_api.o
                0x10000164                DefaultTuningSettings
 .data.InterruptThresholdSettings
                0x10000258      0x1b8 ./Api/core/src/vl53l0x_api.o
                0x10000258                InterruptThresholdSettings
 .data.refArrayQuadrants
                0x10000410       0x10 ./Api/core/src/vl53l0x_api_calibration.o
                0x10000410                refArrayQuadrants
 .data.saves1.3838
                0x10000420        0x4 d:/nxp/lpcxpresso_7.2.0_153/lpcxpresso/tools/bin/../lib/gcc/arm-none-eabi/4.8.3/../../../../arm-none-eabi/lib/armv6-m\libcr_c.a(strtok.o)
                0x10000424                . = ALIGN (0x4)
                0x10000424                _edata = .

.igot.plt       0x10000424        0x0 load address 0x00007804
 .igot.plt      0x00000000        0x0 ./src/Descriptors.o

.bss_RAM2       0x20004000      0x800
 *(.bss.$RAM2*)
 .bss.$RAM2     0x20004000        0x8 D:\NXP_workspace\nxp_lpcxpresso_11u14_usblib_device\Debug\libnxp_lpcxpresso_11u14_usblib_device.a(USBTask.o)
                0x20004000                USB_ControlRequest
 *fill*         0x20004008       0xf8 
 .bss.$RAM2     0x20004100      0x100 D:\NXP_workspace\nxp_lpcxpresso_11u14_usblib_device\Debug\libnxp_lpcxpresso_11u14_usblib_device.a(Endpoint_LPC11Uxx.o)
                0x20004100                EndPointCmdStsList
 .bss.$RAM2     0x20004200      0x600 D:\NXP_workspace\nxp_lpcxpresso_11u14_usblib_device\Debug\libnxp_lpcxpresso_11u14_usblib_device.a(Endpoint.o)
                0x20004200                usb_data_buffer
                0x20004400                usb_data_buffer_IN
                0x20004600                usb_data_buffer_OUT
 *(.bss.$RamUsb2*)
                0x20004800                . = ALIGN (0x4)

.bss            0x10000424      0x28c
                0x10000424                _bss = .
 *(.bss*)
 .bss.PrevKeyboardHIDReportBuffer
                0x10000424        0x8 ./src/FootController.o
 .bss.SCLH      0x1000042c        0x2 ./src/I2C_Driver.o
 .bss.SCLL      0x1000042e        0x2 ./src/I2C_Driver.o
 .bss.errno     0x10000430        0x4 d:/nxp/lpcxpresso_7.2.0_153/lpcxpresso/tools/bin/../lib/gcc/arm-none-eabi/4.8.3/../../../../arm-none-eabi/lib/armv6-m\libcr_c.a(errno.o)
                0x10000430                errno
 *(COMMON)
 COMMON         0x10000434      0x1b4 ./src/FootController.o
                0x10000434                receiveTransmitCdcBuffer
                0x10000474                FootControllerStructure
                0x100004dc                stringCdcTransmitBuffer
                0x100005dc                CDC_MessageStructure
 COMMON         0x100005e8       0x46 ./src/I2C_Driver.o
                0x100005e8                I2C_Device_Instance_Table
 *fill*         0x1000062e        0x2 
 COMMON         0x10000630        0x4 D:\NXP_workspace\lpc_chip_11uxx_lib\Debug\liblpc_chip_11uxx_lib.a(chip_11xx.o)
                0x10000630                SystemCoreClock
 COMMON         0x10000634        0x1 D:\NXP_workspace\nxp_lpcxpresso_11u14_usblib_device\Debug\libnxp_lpcxpresso_11u14_usblib_device.a(USBController.o)
                0x10000634                USB_CurrentMode
 *fill*         0x10000635        0x3 
 COMMON         0x10000638        0x5 D:\NXP_workspace\nxp_lpcxpresso_11u14_usblib_device\Debug\libnxp_lpcxpresso_11u14_usblib_device.a(USBTask.o)
                0x10000638                USB_IsInitialized
                0x1000063c                USB_DeviceState
 *fill*         0x1000063d        0x3 
 COMMON         0x10000640       0x45 D:\NXP_workspace\nxp_lpcxpresso_11u14_usblib_device\Debug\libnxp_lpcxpresso_11u14_usblib_device.a(Endpoint_LPC11Uxx.o)
                0x10000640                stream_total_packets
                0x10000644                Remain_length
                0x10000658                epout_primed
                0x1000065c                EndpointMaxPacketSize
                0x10000684                shortpacket
 COMMON         0x10000685        0x3 D:\NXP_workspace\nxp_lpcxpresso_11u14_usblib_device\Debug\libnxp_lpcxpresso_11u14_usblib_device.a(DeviceStandardReq.o)
                0x10000685                USB_Device_ConfigurationNumber
                0x10000686                USB_Device_CurrentlySelfPowered
                0x10000687                USB_Device_RemoteWakeupEnabled
 COMMON         0x10000688       0x25 D:\NXP_workspace\nxp_lpcxpresso_11u14_usblib_device\Debug\libnxp_lpcxpresso_11u14_usblib_device.a(Endpoint.o)
                0x10000688                usb_data_buffer_OUT_size
                0x1000068c                endpointselected
                0x10000690                usb_data_buffer_index
                0x10000694                usb_data_buffer_IN_index
                0x10000698                usb_data_buffer_size
                0x1000069c                usb_data_buffer_OUT_index
                0x100006a0                endpointhandle0
                0x100006a8                endpointhandle1
                0x100006b0                . = ALIGN (0x4)
 *fill*         0x100006ad        0x3 
                0x100006b0                _ebss = .
                0x100006b0                PROVIDE (end, .)

.noinit_RAM2    0x20004800        0x0
 *(.noinit.$RAM2*)
 *(.noinit.$RamUsb2*)
                0x20004800                . = ALIGN (0x4)

.noinit         0x100006b0        0x0
                0x100006b0                _noinit = .
 *(.noinit*)
                0x100006b0                . = ALIGN (0x4)
                0x100006b0                _end_noinit = .
                0x100006b0                PROVIDE (_pvHeapStart, .)
                0x10001800                PROVIDE (_vStackTop, (__top_RamLoc6 - 0x0))
OUTPUT(FootController.axf elf32-littlearm)

.debug_info     0x00000000    0x18e00
 .debug_info    0x00000000      0xa78 ./src/Descriptors.o
 .debug_info    0x00000a78      0x322 ./src/EEPROM_Driver.o
 .debug_info    0x00000d9a     0x1a72 ./src/FootController.o
 .debug_info    0x0000280c      0x339 ./src/GPIO_Driver.o
 .debug_info    0x00002b45     0x1781 ./src/HW_Driver.o
 .debug_info    0x000042c6      0xb9b ./src/I2C_Driver.o
 .debug_info    0x00004e61      0xc93 ./src/StringGenerateParseModule.o
 .debug_info    0x00005af4      0x224 ./src/cr_startup_lpc11uxx.o
 .debug_info    0x00005d18      0x799 ./src/iap.o
 .debug_info    0x000064b1       0xde ./src/sysinit.o
 .debug_info    0x0000658f      0x469 ./Api/platform/src/vl53l0x_i2c.o
 .debug_info    0x000069f8     0x1130 ./Api/platform/src/vl53l0x_platform.o
 .debug_info    0x00007b28     0x4b57 ./Api/core/src/vl53l0x_api.o
 .debug_info    0x0000c67f     0x21b6 ./Api/core/src/vl53l0x_api_calibration.o
 .debug_info    0x0000e835     0x30b5 ./Api/core/src/vl53l0x_api_core.o
 .debug_info    0x000118ea       0xdc D:\NXP_workspace\lpc_chip_11uxx_lib\Debug\liblpc_chip_11uxx_lib.a(chip_11xx.o)
 .debug_info    0x000119c6      0x94a D:\NXP_workspace\lpc_chip_11uxx_lib\Debug\liblpc_chip_11uxx_lib.a(clock_11xx.o)
 .debug_info    0x00012310      0x153 D:\NXP_workspace\lpc_chip_11uxx_lib\Debug\liblpc_chip_11uxx_lib.a(iocon_11xx.o)
 .debug_info    0x00012463      0x589 D:\NXP_workspace\lpc_chip_11uxx_lib\Debug\liblpc_chip_11uxx_lib.a(sysctl_11xx.o)
 .debug_info    0x000129ec      0x509 D:\NXP_workspace\nxp_lpcxpresso_11u14_usblib_device\Debug\libnxp_lpcxpresso_11u14_usblib_device.a(USBController.o)
 .debug_info    0x00012ef5      0x566 D:\NXP_workspace\nxp_lpcxpresso_11u14_usblib_device\Debug\libnxp_lpcxpresso_11u14_usblib_device.a(USBTask.o)
 .debug_info    0x0001345b     0x15e3 D:\NXP_workspace\nxp_lpcxpresso_11u14_usblib_device\Debug\libnxp_lpcxpresso_11u14_usblib_device.a(CDCClassDevice.o)
 .debug_info    0x00014a3e      0xe72 D:\NXP_workspace\nxp_lpcxpresso_11u14_usblib_device\Debug\libnxp_lpcxpresso_11u14_usblib_device.a(HIDClassDevice.o)
 .debug_info    0x000158b0      0xc26 D:\NXP_workspace\nxp_lpcxpresso_11u14_usblib_device\Debug\libnxp_lpcxpresso_11u14_usblib_device.a(HAL_LPC11Uxx.o)
 .debug_info    0x000164d6      0xc56 D:\NXP_workspace\nxp_lpcxpresso_11u14_usblib_device\Debug\libnxp_lpcxpresso_11u14_usblib_device.a(Endpoint_LPC11Uxx.o)
 .debug_info    0x0001712c      0xdce D:\NXP_workspace\nxp_lpcxpresso_11u14_usblib_device\Debug\libnxp_lpcxpresso_11u14_usblib_device.a(DeviceStandardReq.o)
 .debug_info    0x00017efa      0x56f D:\NXP_workspace\nxp_lpcxpresso_11u14_usblib_device\Debug\libnxp_lpcxpresso_11u14_usblib_device.a(Endpoint.o)
 .debug_info    0x00018469      0x997 D:\NXP_workspace\nxp_lpcxpresso_11u14_usblib_device\Debug\libnxp_lpcxpresso_11u14_usblib_device.a(EndpointStream.o)

.debug_abbrev   0x00000000     0x3b2c
 .debug_abbrev  0x00000000      0x189 ./src/Descriptors.o
 .debug_abbrev  0x00000189      0x184 ./src/EEPROM_Driver.o
 .debug_abbrev  0x0000030d      0x3b1 ./src/FootController.o
 .debug_abbrev  0x000006be      0x194 ./src/GPIO_Driver.o
 .debug_abbrev  0x00000852      0x340 ./src/HW_Driver.o
 .debug_abbrev  0x00000b92      0x294 ./src/I2C_Driver.o
 .debug_abbrev  0x00000e26      0x1e7 ./src/StringGenerateParseModule.o
 .debug_abbrev  0x0000100d       0xe8 ./src/cr_startup_lpc11uxx.o
 .debug_abbrev  0x000010f5      0x141 ./src/iap.o
 .debug_abbrev  0x00001236       0x88 ./src/sysinit.o
 .debug_abbrev  0x000012be      0x199 ./Api/platform/src/vl53l0x_i2c.o
 .debug_abbrev  0x00001457      0x1d8 ./Api/platform/src/vl53l0x_platform.o
 .debug_abbrev  0x0000162f      0x38b ./Api/core/src/vl53l0x_api.o
 .debug_abbrev  0x000019ba      0x2be ./Api/core/src/vl53l0x_api_calibration.o
 .debug_abbrev  0x00001c78      0x3b3 ./Api/core/src/vl53l0x_api_core.o
 .debug_abbrev  0x0000202b       0x9b D:\NXP_workspace\lpc_chip_11uxx_lib\Debug\liblpc_chip_11uxx_lib.a(chip_11xx.o)
 .debug_abbrev  0x000020c6      0x1fb D:\NXP_workspace\lpc_chip_11uxx_lib\Debug\liblpc_chip_11uxx_lib.a(clock_11xx.o)
 .debug_abbrev  0x000022c1       0xc8 D:\NXP_workspace\lpc_chip_11uxx_lib\Debug\liblpc_chip_11uxx_lib.a(iocon_11xx.o)
 .debug_abbrev  0x00002389       0xce D:\NXP_workspace\lpc_chip_11uxx_lib\Debug\liblpc_chip_11uxx_lib.a(sysctl_11xx.o)
 .debug_abbrev  0x00002457      0x192 D:\NXP_workspace\nxp_lpcxpresso_11u14_usblib_device\Debug\libnxp_lpcxpresso_11u14_usblib_device.a(USBController.o)
 .debug_abbrev  0x000025e9      0x1de D:\NXP_workspace\nxp_lpcxpresso_11u14_usblib_device\Debug\libnxp_lpcxpresso_11u14_usblib_device.a(USBTask.o)
 .debug_abbrev  0x000027c7      0x3aa D:\NXP_workspace\nxp_lpcxpresso_11u14_usblib_device\Debug\libnxp_lpcxpresso_11u14_usblib_device.a(CDCClassDevice.o)
 .debug_abbrev  0x00002b71      0x2d2 D:\NXP_workspace\nxp_lpcxpresso_11u14_usblib_device\Debug\libnxp_lpcxpresso_11u14_usblib_device.a(HIDClassDevice.o)
 .debug_abbrev  0x00002e43      0x271 D:\NXP_workspace\nxp_lpcxpresso_11u14_usblib_device\Debug\libnxp_lpcxpresso_11u14_usblib_device.a(HAL_LPC11Uxx.o)
 .debug_abbrev  0x000030b4      0x2da D:\NXP_workspace\nxp_lpcxpresso_11u14_usblib_device\Debug\libnxp_lpcxpresso_11u14_usblib_device.a(Endpoint_LPC11Uxx.o)
 .debug_abbrev  0x0000338e      0x2fc D:\NXP_workspace\nxp_lpcxpresso_11u14_usblib_device\Debug\libnxp_lpcxpresso_11u14_usblib_device.a(DeviceStandardReq.o)
 .debug_abbrev  0x0000368a      0x23e D:\NXP_workspace\nxp_lpcxpresso_11u14_usblib_device\Debug\libnxp_lpcxpresso_11u14_usblib_device.a(Endpoint.o)
 .debug_abbrev  0x000038c8      0x264 D:\NXP_workspace\nxp_lpcxpresso_11u14_usblib_device\Debug\libnxp_lpcxpresso_11u14_usblib_device.a(EndpointStream.o)

.debug_loc      0x00000000     0xf17d
 .debug_loc     0x00000000      0x1a5 ./src/Descriptors.o
 .debug_loc     0x000001a5      0x1d6 ./src/EEPROM_Driver.o
 .debug_loc     0x0000037b      0x2f1 ./src/FootController.o
 .debug_loc     0x0000066c       0xf9 ./src/GPIO_Driver.o
 .debug_loc     0x00000765      0x13f ./src/HW_Driver.o
 .debug_loc     0x000008a4      0x3a5 ./src/I2C_Driver.o
 .debug_loc     0x00000c49      0x35f ./src/StringGenerateParseModule.o
 .debug_loc     0x00000fa8      0x18b ./src/cr_startup_lpc11uxx.o
 .debug_loc     0x00001133      0x78c ./src/iap.o
 .debug_loc     0x000018bf      0x13f ./Api/platform/src/vl53l0x_i2c.o
 .debug_loc     0x000019fe      0x676 ./Api/platform/src/vl53l0x_platform.o
 .debug_loc     0x00002074     0x4850 ./Api/core/src/vl53l0x_api.o
 .debug_loc     0x000068c4     0x1fcf ./Api/core/src/vl53l0x_api_calibration.o
 .debug_loc     0x00008893     0x3531 ./Api/core/src/vl53l0x_api_core.o
 .debug_loc     0x0000bdc4      0x1b4 D:\NXP_workspace\lpc_chip_11uxx_lib\Debug\liblpc_chip_11uxx_lib.a(clock_11xx.o)
 .debug_loc     0x0000bf78       0x3a D:\NXP_workspace\lpc_chip_11uxx_lib\Debug\liblpc_chip_11uxx_lib.a(iocon_11xx.o)
 .debug_loc     0x0000bfb2       0xd1 D:\NXP_workspace\lpc_chip_11uxx_lib\Debug\liblpc_chip_11uxx_lib.a(sysctl_11xx.o)
 .debug_loc     0x0000c083       0xe7 D:\NXP_workspace\nxp_lpcxpresso_11u14_usblib_device\Debug\libnxp_lpcxpresso_11u14_usblib_device.a(USBController.o)
 .debug_loc     0x0000c16a       0xf7 D:\NXP_workspace\nxp_lpcxpresso_11u14_usblib_device\Debug\libnxp_lpcxpresso_11u14_usblib_device.a(USBTask.o)
 .debug_loc     0x0000c261     0x1182 D:\NXP_workspace\nxp_lpcxpresso_11u14_usblib_device\Debug\libnxp_lpcxpresso_11u14_usblib_device.a(CDCClassDevice.o)
 .debug_loc     0x0000d3e3      0x803 D:\NXP_workspace\nxp_lpcxpresso_11u14_usblib_device\Debug\libnxp_lpcxpresso_11u14_usblib_device.a(HIDClassDevice.o)
 .debug_loc     0x0000dbe6       0xbe D:\NXP_workspace\nxp_lpcxpresso_11u14_usblib_device\Debug\libnxp_lpcxpresso_11u14_usblib_device.a(HAL_LPC11Uxx.o)
 .debug_loc     0x0000dca4      0x6a0 D:\NXP_workspace\nxp_lpcxpresso_11u14_usblib_device\Debug\libnxp_lpcxpresso_11u14_usblib_device.a(Endpoint_LPC11Uxx.o)
 .debug_loc     0x0000e344      0x531 D:\NXP_workspace\nxp_lpcxpresso_11u14_usblib_device\Debug\libnxp_lpcxpresso_11u14_usblib_device.a(DeviceStandardReq.o)
 .debug_loc     0x0000e875      0x1d2 D:\NXP_workspace\nxp_lpcxpresso_11u14_usblib_device\Debug\libnxp_lpcxpresso_11u14_usblib_device.a(Endpoint.o)
 .debug_loc     0x0000ea47      0x736 D:\NXP_workspace\nxp_lpcxpresso_11u14_usblib_device\Debug\libnxp_lpcxpresso_11u14_usblib_device.a(EndpointStream.o)

.debug_aranges  0x00000000      0xbc8
 .debug_aranges
                0x00000000       0x20 ./src/Descriptors.o
 .debug_aranges
                0x00000020       0x30 ./src/EEPROM_Driver.o
 .debug_aranges
                0x00000050       0x70 ./src/FootController.o
 .debug_aranges
                0x000000c0       0x38 ./src/GPIO_Driver.o
 .debug_aranges
                0x000000f8       0x28 ./src/HW_Driver.o
 .debug_aranges
                0x00000120       0x48 ./src/I2C_Driver.o
 .debug_aranges
                0x00000168       0x40 ./src/StringGenerateParseModule.o
 .debug_aranges
                0x000001a8       0x60 ./src/cr_startup_lpc11uxx.o
 .debug_aranges
                0x00000208       0x78 ./src/iap.o
 .debug_aranges
                0x00000280       0x20 ./src/sysinit.o
 .debug_aranges
                0x000002a0       0x30 ./Api/platform/src/vl53l0x_i2c.o
 .debug_aranges
                0x000002d0       0x80 ./Api/platform/src/vl53l0x_platform.o
 .debug_aranges
                0x00000350      0x330 ./Api/core/src/vl53l0x_api.o
 .debug_aranges
                0x00000680       0xd0 ./Api/core/src/vl53l0x_api_calibration.o
 .debug_aranges
                0x00000750       0xe0 ./Api/core/src/vl53l0x_api_core.o
 .debug_aranges
                0x00000830       0x20 D:\NXP_workspace\lpc_chip_11uxx_lib\Debug\liblpc_chip_11uxx_lib.a(chip_11xx.o)
 .debug_aranges
                0x00000850       0x90 D:\NXP_workspace\lpc_chip_11uxx_lib\Debug\liblpc_chip_11uxx_lib.a(clock_11xx.o)
 .debug_aranges
                0x000008e0       0x20 D:\NXP_workspace\lpc_chip_11uxx_lib\Debug\liblpc_chip_11uxx_lib.a(iocon_11xx.o)
 .debug_aranges
                0x00000900       0x38 D:\NXP_workspace\lpc_chip_11uxx_lib\Debug\liblpc_chip_11uxx_lib.a(sysctl_11xx.o)
 .debug_aranges
                0x00000938       0x38 D:\NXP_workspace\nxp_lpcxpresso_11u14_usblib_device\Debug\libnxp_lpcxpresso_11u14_usblib_device.a(USBController.o)
 .debug_aranges
                0x00000970       0x28 D:\NXP_workspace\nxp_lpcxpresso_11u14_usblib_device\Debug\libnxp_lpcxpresso_11u14_usblib_device.a(USBTask.o)
 .debug_aranges
                0x00000998       0x78 D:\NXP_workspace\nxp_lpcxpresso_11u14_usblib_device\Debug\libnxp_lpcxpresso_11u14_usblib_device.a(CDCClassDevice.o)
 .debug_aranges
                0x00000a10       0x30 D:\NXP_workspace\nxp_lpcxpresso_11u14_usblib_device\Debug\libnxp_lpcxpresso_11u14_usblib_device.a(HIDClassDevice.o)
 .debug_aranges
                0x00000a40       0x48 D:\NXP_workspace\nxp_lpcxpresso_11u14_usblib_device\Debug\libnxp_lpcxpresso_11u14_usblib_device.a(HAL_LPC11Uxx.o)
 .debug_aranges
                0x00000a88       0x50 D:\NXP_workspace\nxp_lpcxpresso_11u14_usblib_device\Debug\libnxp_lpcxpresso_11u14_usblib_device.a(Endpoint_LPC11Uxx.o)
 .debug_aranges
                0x00000ad8       0x50 D:\NXP_workspace\nxp_lpcxpresso_11u14_usblib_device\Debug\libnxp_lpcxpresso_11u14_usblib_device.a(DeviceStandardReq.o)
 .debug_aranges
                0x00000b28       0x38 D:\NXP_workspace\nxp_lpcxpresso_11u14_usblib_device\Debug\libnxp_lpcxpresso_11u14_usblib_device.a(Endpoint.o)
 .debug_aranges
                0x00000b60       0x68 D:\NXP_workspace\nxp_lpcxpresso_11u14_usblib_device\Debug\libnxp_lpcxpresso_11u14_usblib_device.a(EndpointStream.o)

.debug_ranges   0x00000000      0xf38
 .debug_ranges  0x00000000       0x10 ./src/Descriptors.o
 .debug_ranges  0x00000010       0x50 ./src/EEPROM_Driver.o
 .debug_ranges  0x00000060       0xa8 ./src/FootController.o
 .debug_ranges  0x00000108       0x28 ./src/GPIO_Driver.o
 .debug_ranges  0x00000130       0x30 ./src/HW_Driver.o
 .debug_ranges  0x00000160       0x78 ./src/I2C_Driver.o
 .debug_ranges  0x000001d8       0xf8 ./src/StringGenerateParseModule.o
 .debug_ranges  0x000002d0       0x50 ./src/cr_startup_lpc11uxx.o
 .debug_ranges  0x00000320       0x68 ./src/iap.o
 .debug_ranges  0x00000388       0x10 ./src/sysinit.o
 .debug_ranges  0x00000398       0x20 ./Api/platform/src/vl53l0x_i2c.o
 .debug_ranges  0x000003b8       0x70 ./Api/platform/src/vl53l0x_platform.o
 .debug_ranges  0x00000428      0x320 ./Api/core/src/vl53l0x_api.o
 .debug_ranges  0x00000748       0xd8 ./Api/core/src/vl53l0x_api_calibration.o
 .debug_ranges  0x00000820       0xe8 ./Api/core/src/vl53l0x_api_core.o
 .debug_ranges  0x00000908       0x10 D:\NXP_workspace\lpc_chip_11uxx_lib\Debug\liblpc_chip_11uxx_lib.a(chip_11xx.o)
 .debug_ranges  0x00000918       0x80 D:\NXP_workspace\lpc_chip_11uxx_lib\Debug\liblpc_chip_11uxx_lib.a(clock_11xx.o)
 .debug_ranges  0x00000998       0x10 D:\NXP_workspace\lpc_chip_11uxx_lib\Debug\liblpc_chip_11uxx_lib.a(iocon_11xx.o)
 .debug_ranges  0x000009a8       0x28 D:\NXP_workspace\lpc_chip_11uxx_lib\Debug\liblpc_chip_11uxx_lib.a(sysctl_11xx.o)
 .debug_ranges  0x000009d0       0x28 D:\NXP_workspace\nxp_lpcxpresso_11u14_usblib_device\Debug\libnxp_lpcxpresso_11u14_usblib_device.a(USBController.o)
 .debug_ranges  0x000009f8       0x18 D:\NXP_workspace\nxp_lpcxpresso_11u14_usblib_device\Debug\libnxp_lpcxpresso_11u14_usblib_device.a(USBTask.o)
 .debug_ranges  0x00000a10       0xf8 D:\NXP_workspace\nxp_lpcxpresso_11u14_usblib_device\Debug\libnxp_lpcxpresso_11u14_usblib_device.a(CDCClassDevice.o)
 .debug_ranges  0x00000b08       0x20 D:\NXP_workspace\nxp_lpcxpresso_11u14_usblib_device\Debug\libnxp_lpcxpresso_11u14_usblib_device.a(HIDClassDevice.o)
 .debug_ranges  0x00000b28       0x38 D:\NXP_workspace\nxp_lpcxpresso_11u14_usblib_device\Debug\libnxp_lpcxpresso_11u14_usblib_device.a(HAL_LPC11Uxx.o)
 .debug_ranges  0x00000b60      0x1b8 D:\NXP_workspace\nxp_lpcxpresso_11u14_usblib_device\Debug\libnxp_lpcxpresso_11u14_usblib_device.a(Endpoint_LPC11Uxx.o)
 .debug_ranges  0x00000d18       0x40 D:\NXP_workspace\nxp_lpcxpresso_11u14_usblib_device\Debug\libnxp_lpcxpresso_11u14_usblib_device.a(DeviceStandardReq.o)
 .debug_ranges  0x00000d58       0x58 D:\NXP_workspace\nxp_lpcxpresso_11u14_usblib_device\Debug\libnxp_lpcxpresso_11u14_usblib_device.a(Endpoint.o)
 .debug_ranges  0x00000db0      0x188 D:\NXP_workspace\nxp_lpcxpresso_11u14_usblib_device\Debug\libnxp_lpcxpresso_11u14_usblib_device.a(EndpointStream.o)

.debug_macro    0x00000000     0x8a9b
 .debug_macro   0x00000000      0x440 ./src/Descriptors.o
 .debug_macro   0x00000440      0x856 ./src/Descriptors.o
 .debug_macro   0x00000c96       0x12 ./src/Descriptors.o
 .debug_macro   0x00000ca8       0x10 ./src/Descriptors.o
 .debug_macro   0x00000cb8       0x10 ./src/Descriptors.o
 .debug_macro   0x00000cc8      0x122 ./src/Descriptors.o
 .debug_macro   0x00000dea      0x5b9 ./src/Descriptors.o
 .debug_macro   0x000013a3       0x22 ./src/Descriptors.o
 .debug_macro   0x000013c5       0x10 ./src/Descriptors.o
 .debug_macro   0x000013d5       0x28 ./src/Descriptors.o
 .debug_macro   0x000013fd       0x1c ./src/Descriptors.o
 .debug_macro   0x00001419       0xc7 ./src/Descriptors.o
 .debug_macro   0x000014e0       0x22 ./src/Descriptors.o
 .debug_macro   0x00001502       0x86 ./src/Descriptors.o
 .debug_macro   0x00001588       0x2b ./src/Descriptors.o
 .debug_macro   0x000015b3       0x1e ./src/Descriptors.o
 .debug_macro   0x000015d1       0x3a ./src/Descriptors.o
 .debug_macro   0x0000160b       0x8d ./src/Descriptors.o
 .debug_macro   0x00001698       0x16 ./src/Descriptors.o
 .debug_macro   0x000016ae       0x82 ./src/Descriptors.o
 .debug_macro   0x00001730       0x6c ./src/Descriptors.o
 .debug_macro   0x0000179c       0x10 ./src/Descriptors.o
 .debug_macro   0x000017ac       0x1f ./src/Descriptors.o
 .debug_macro   0x000017cb       0x3a ./src/Descriptors.o
 .debug_macro   0x00001805      0x241 ./src/Descriptors.o
 .debug_macro   0x00001a46      0x125 ./src/Descriptors.o
 .debug_macro   0x00001b6b       0x2e ./src/Descriptors.o
 .debug_macro   0x00001b99       0xf1 ./src/Descriptors.o
 .debug_macro   0x00001c8a       0x10 ./src/Descriptors.o
 .debug_macro   0x00001c9a      0x137 ./src/Descriptors.o
 .debug_macro   0x00001dd1       0x4c ./src/Descriptors.o
 .debug_macro   0x00001e1d       0x16 ./src/Descriptors.o
 .debug_macro   0x00001e33      0x31a ./src/Descriptors.o
 .debug_macro   0x0000214d       0x4f ./src/Descriptors.o
 .debug_macro   0x0000219c       0xb8 ./src/Descriptors.o
 .debug_macro   0x00002254       0x11 ./src/Descriptors.o
 .debug_macro   0x00002265       0x7c ./src/Descriptors.o
 .debug_macro   0x000022e1       0x1c ./src/Descriptors.o
 .debug_macro   0x000022fd       0x40 ./src/Descriptors.o
 .debug_macro   0x0000233d      0x21c ./src/Descriptors.o
 .debug_macro   0x00002559       0x10 ./src/Descriptors.o
 .debug_macro   0x00002569       0x10 ./src/Descriptors.o
 .debug_macro   0x00002579      0x15f ./src/Descriptors.o
 .debug_macro   0x000026d8       0x2c ./src/Descriptors.o
 .debug_macro   0x00002704       0x1c ./src/Descriptors.o
 .debug_macro   0x00002720       0x63 ./src/Descriptors.o
 .debug_macro   0x00002783       0x27 ./src/Descriptors.o
 .debug_macro   0x000027aa       0x10 ./src/Descriptors.o
 .debug_macro   0x000027ba       0x1c ./src/Descriptors.o
 .debug_macro   0x000027d6       0x16 ./src/Descriptors.o
 .debug_macro   0x000027ec      0x12a ./src/Descriptors.o
 .debug_macro   0x00002916       0x16 ./src/Descriptors.o
 .debug_macro   0x0000292c       0x46 ./src/Descriptors.o
 .debug_macro   0x00002972       0x9a ./src/Descriptors.o
 .debug_macro   0x00002a0c       0x16 ./src/Descriptors.o
 .debug_macro   0x00002a22      0x154 ./src/Descriptors.o
 .debug_macro   0x00002b76       0x29 ./src/Descriptors.o
 .debug_macro   0x00002b9f      0x647 ./src/Descriptors.o
 .debug_macro   0x000031e6       0x16 ./src/Descriptors.o
 .debug_macro   0x000031fc      0x129 ./src/Descriptors.o
 .debug_macro   0x00003325       0x16 ./src/Descriptors.o
 .debug_macro   0x0000333b       0x10 ./src/Descriptors.o
 .debug_macro   0x0000334b       0x1c ./src/Descriptors.o
 .debug_macro   0x00003367       0x16 ./src/Descriptors.o
 .debug_macro   0x0000337d       0x16 ./src/Descriptors.o
 .debug_macro   0x00003393       0x10 ./src/Descriptors.o
 .debug_macro   0x000033a3      0x1bd ./src/Descriptors.o
 .debug_macro   0x00003560       0x16 ./src/Descriptors.o
 .debug_macro   0x00003576       0x2e ./src/Descriptors.o
 .debug_macro   0x000035a4      0x186 ./src/EEPROM_Driver.o
 .debug_macro   0x0000372a       0xb2 ./src/EEPROM_Driver.o
 .debug_macro   0x000037dc       0x16 ./src/EEPROM_Driver.o
 .debug_macro   0x000037f2       0x7a ./src/EEPROM_Driver.o
 .debug_macro   0x0000386c       0xca ./src/EEPROM_Driver.o
 .debug_macro   0x00003936      0x4c8 ./src/FootController.o
 .debug_macro   0x00003dfe       0x34 ./src/FootController.o
 .debug_macro   0x00003e32       0x76 ./src/FootController.o
 .debug_macro   0x00003ea8      0x29c ./src/FootController.o
 .debug_macro   0x00004144      0x203 ./src/FootController.o
 .debug_macro   0x00004347       0x46 ./src/FootController.o
 .debug_macro   0x0000438d      0x1d2 ./src/FootController.o
 .debug_macro   0x0000455f      0x161 ./src/GPIO_Driver.o
 .debug_macro   0x000046c0       0x81 ./src/GPIO_Driver.o
 .debug_macro   0x00004741      0x1e6 ./src/HW_Driver.o
 .debug_macro   0x00004927       0x74 ./src/HW_Driver.o
 .debug_macro   0x0000499b      0x180 ./src/I2C_Driver.o
 .debug_macro   0x00004b1b       0x10 ./src/I2C_Driver.o
 .debug_macro   0x00004b2b       0x6b ./src/StringGenerateParseModule.o
 .debug_macro   0x00004b96       0x1d ./src/cr_startup_lpc11uxx.o
 .debug_macro   0x00004bb3      0x166 ./src/iap.o
 .debug_macro   0x00004d19       0x7b ./src/iap.o
 .debug_macro   0x00004d94      0x167 ./src/sysinit.o
 .debug_macro   0x00004efb      0x1cd ./Api/platform/src/vl53l0x_i2c.o
 .debug_macro   0x000050c8      0x206 ./Api/platform/src/vl53l0x_platform.o
 .debug_macro   0x000052ce       0xf9 ./Api/core/src/vl53l0x_api.o
 .debug_macro   0x000053c7       0x1c ./Api/core/src/vl53l0x_api.o
 .debug_macro   0x000053e3       0xf3 ./Api/core/src/vl53l0x_api_calibration.o
 .debug_macro   0x000054d6       0xe1 ./Api/core/src/vl53l0x_api_core.o
 .debug_macro   0x000055b7      0x15d D:\NXP_workspace\lpc_chip_11uxx_lib\Debug\liblpc_chip_11uxx_lib.a(chip_11xx.o)
 .debug_macro   0x00005714      0x81a D:\NXP_workspace\lpc_chip_11uxx_lib\Debug\liblpc_chip_11uxx_lib.a(chip_11xx.o)
 .debug_macro   0x00005f2e      0x15d D:\NXP_workspace\lpc_chip_11uxx_lib\Debug\liblpc_chip_11uxx_lib.a(clock_11xx.o)
 .debug_macro   0x0000608b      0x15d D:\NXP_workspace\lpc_chip_11uxx_lib\Debug\liblpc_chip_11uxx_lib.a(iocon_11xx.o)
 .debug_macro   0x000061e8      0x187 D:\NXP_workspace\lpc_chip_11uxx_lib\Debug\liblpc_chip_11uxx_lib.a(sysctl_11xx.o)
 .debug_macro   0x0000636f      0x2fb D:\NXP_workspace\nxp_lpcxpresso_11u14_usblib_device\Debug\libnxp_lpcxpresso_11u14_usblib_device.a(USBController.o)
 .debug_macro   0x0000666a      0x838 D:\NXP_workspace\nxp_lpcxpresso_11u14_usblib_device\Debug\libnxp_lpcxpresso_11u14_usblib_device.a(USBController.o)
 .debug_macro   0x00006ea2       0x34 D:\NXP_workspace\nxp_lpcxpresso_11u14_usblib_device\Debug\libnxp_lpcxpresso_11u14_usblib_device.a(USBController.o)
 .debug_macro   0x00006ed6       0x58 D:\NXP_workspace\nxp_lpcxpresso_11u14_usblib_device\Debug\libnxp_lpcxpresso_11u14_usblib_device.a(USBController.o)
 .debug_macro   0x00006f2e       0x20 D:\NXP_workspace\nxp_lpcxpresso_11u14_usblib_device\Debug\libnxp_lpcxpresso_11u14_usblib_device.a(USBController.o)
 .debug_macro   0x00006f4e      0x2f5 D:\NXP_workspace\nxp_lpcxpresso_11u14_usblib_device\Debug\libnxp_lpcxpresso_11u14_usblib_device.a(USBTask.o)
 .debug_macro   0x00007243      0x464 D:\NXP_workspace\nxp_lpcxpresso_11u14_usblib_device\Debug\libnxp_lpcxpresso_11u14_usblib_device.a(CDCClassDevice.o)
 .debug_macro   0x000076a7      0x468 D:\NXP_workspace\nxp_lpcxpresso_11u14_usblib_device\Debug\libnxp_lpcxpresso_11u14_usblib_device.a(HIDClassDevice.o)
 .debug_macro   0x00007b0f      0x2ed D:\NXP_workspace\nxp_lpcxpresso_11u14_usblib_device\Debug\libnxp_lpcxpresso_11u14_usblib_device.a(HAL_LPC11Uxx.o)
 .debug_macro   0x00007dfc       0x1e D:\NXP_workspace\nxp_lpcxpresso_11u14_usblib_device\Debug\libnxp_lpcxpresso_11u14_usblib_device.a(HAL_LPC11Uxx.o)
 .debug_macro   0x00007e1a      0x303 D:\NXP_workspace\nxp_lpcxpresso_11u14_usblib_device\Debug\libnxp_lpcxpresso_11u14_usblib_device.a(Endpoint_LPC11Uxx.o)
 .debug_macro   0x0000811d       0x10 D:\NXP_workspace\nxp_lpcxpresso_11u14_usblib_device\Debug\libnxp_lpcxpresso_11u14_usblib_device.a(Endpoint_LPC11Uxx.o)
 .debug_macro   0x0000812d      0x2fb D:\NXP_workspace\nxp_lpcxpresso_11u14_usblib_device\Debug\libnxp_lpcxpresso_11u14_usblib_device.a(DeviceStandardReq.o)
 .debug_macro   0x00008428       0x87 D:\NXP_workspace\nxp_lpcxpresso_11u14_usblib_device\Debug\libnxp_lpcxpresso_11u14_usblib_device.a(DeviceStandardReq.o)
 .debug_macro   0x000084af      0x2f9 D:\NXP_workspace\nxp_lpcxpresso_11u14_usblib_device\Debug\libnxp_lpcxpresso_11u14_usblib_device.a(Endpoint.o)
 .debug_macro   0x000087a8      0x2f3 D:\NXP_workspace\nxp_lpcxpresso_11u14_usblib_device\Debug\libnxp_lpcxpresso_11u14_usblib_device.a(EndpointStream.o)

.debug_line     0x00000000     0xc5bd
 .debug_line    0x00000000      0xe59 ./src/Descriptors.o
 .debug_line    0x00000e59      0x393 ./src/EEPROM_Driver.o
 .debug_line    0x000011ec     0x10ee ./src/FootController.o
 .debug_line    0x000022da      0x333 ./src/GPIO_Driver.o
 .debug_line    0x0000260d      0x4e5 ./src/HW_Driver.o
 .debug_line    0x00002af2      0x3d2 ./src/I2C_Driver.o
 .debug_line    0x00002ec4      0x2ba ./src/StringGenerateParseModule.o
 .debug_line    0x0000317e       0x91 ./src/cr_startup_lpc11uxx.o
 .debug_line    0x0000320f      0x44a ./src/iap.o
 .debug_line    0x00003659      0x2f1 ./src/sysinit.o
 .debug_line    0x0000394a      0x40e ./Api/platform/src/vl53l0x_i2c.o
 .debug_line    0x00003d58      0x4fa ./Api/platform/src/vl53l0x_platform.o
 .debug_line    0x00004252      0xda3 ./Api/core/src/vl53l0x_api.o
 .debug_line    0x00004ff5      0x61f ./Api/core/src/vl53l0x_api_calibration.o
 .debug_line    0x00005614      0x8b8 ./Api/core/src/vl53l0x_api_core.o
 .debug_line    0x00005ecc      0x2c4 D:\NXP_workspace\lpc_chip_11uxx_lib\Debug\liblpc_chip_11uxx_lib.a(chip_11xx.o)
 .debug_line    0x00006190      0x400 D:\NXP_workspace\lpc_chip_11uxx_lib\Debug\liblpc_chip_11uxx_lib.a(clock_11xx.o)
 .debug_line    0x00006590      0x2c7 D:\NXP_workspace\lpc_chip_11uxx_lib\Debug\liblpc_chip_11uxx_lib.a(iocon_11xx.o)
 .debug_line    0x00006857      0x301 D:\NXP_workspace\lpc_chip_11uxx_lib\Debug\liblpc_chip_11uxx_lib.a(sysctl_11xx.o)
 .debug_line    0x00006b58      0x762 D:\NXP_workspace\nxp_lpcxpresso_11u14_usblib_device\Debug\libnxp_lpcxpresso_11u14_usblib_device.a(USBController.o)
 .debug_line    0x000072ba      0x74b D:\NXP_workspace\nxp_lpcxpresso_11u14_usblib_device\Debug\libnxp_lpcxpresso_11u14_usblib_device.a(USBTask.o)
 .debug_line    0x00007a05     0x10b1 D:\NXP_workspace\nxp_lpcxpresso_11u14_usblib_device\Debug\libnxp_lpcxpresso_11u14_usblib_device.a(CDCClassDevice.o)
 .debug_line    0x00008ab6      0xdfa D:\NXP_workspace\nxp_lpcxpresso_11u14_usblib_device\Debug\libnxp_lpcxpresso_11u14_usblib_device.a(HIDClassDevice.o)
 .debug_line    0x000098b0      0x8af D:\NXP_workspace\nxp_lpcxpresso_11u14_usblib_device\Debug\libnxp_lpcxpresso_11u14_usblib_device.a(HAL_LPC11Uxx.o)
 .debug_line    0x0000a15f      0xa7c D:\NXP_workspace\nxp_lpcxpresso_11u14_usblib_device\Debug\libnxp_lpcxpresso_11u14_usblib_device.a(Endpoint_LPC11Uxx.o)
 .debug_line    0x0000abdb      0x8d1 D:\NXP_workspace\nxp_lpcxpresso_11u14_usblib_device\Debug\libnxp_lpcxpresso_11u14_usblib_device.a(DeviceStandardReq.o)
 .debug_line    0x0000b4ac      0x7b0 D:\NXP_workspace\nxp_lpcxpresso_11u14_usblib_device\Debug\libnxp_lpcxpresso_11u14_usblib_device.a(Endpoint.o)
 .debug_line    0x0000bc5c      0x961 D:\NXP_workspace\nxp_lpcxpresso_11u14_usblib_device\Debug\libnxp_lpcxpresso_11u14_usblib_device.a(EndpointStream.o)

.debug_str      0x00000000    0x1b288
 .debug_str     0x00000000    0x1076c ./src/Descriptors.o
                              0x108f1 (size before relaxing)
 .debug_str     0x0001076c      0x7ec ./src/EEPROM_Driver.o
                               0x8438 (size before relaxing)
 .debug_str     0x00010f58     0x4a3f ./src/FootController.o
                              0x14c5f (size before relaxing)
 .debug_str     0x00015997       0xbe ./src/GPIO_Driver.o
                               0x7ce4 (size before relaxing)
 .debug_str     0x00015a55      0x961 ./src/HW_Driver.o
                               0xcc2a (size before relaxing)
 .debug_str     0x000163b6      0x24c ./src/I2C_Driver.o
                               0x83bb (size before relaxing)
 .debug_str     0x00016602       0xfd ./src/StringGenerateParseModule.o
                               0x43c4 (size before relaxing)
 .debug_str     0x000166ff      0x164 ./src/cr_startup_lpc11uxx.o
                               0x2504 (size before relaxing)
 .debug_str     0x00016863      0x176 ./src/iap.o
                               0x8054 (size before relaxing)
 .debug_str     0x000169d9       0x2b ./src/sysinit.o
                               0x7c39 (size before relaxing)
 .debug_str     0x00016a04       0xa7 ./Api/platform/src/vl53l0x_i2c.o
                               0xa782 (size before relaxing)
 .debug_str     0x00016aab      0x233 ./Api/platform/src/vl53l0x_platform.o
                               0xc174 (size before relaxing)
 .debug_str     0x00016cde     0x1884 ./Api/core/src/vl53l0x_api.o
                               0x968d (size before relaxing)
 .debug_str     0x00018562      0x64e ./Api/core/src/vl53l0x_api_calibration.o
                               0x8726 (size before relaxing)
 .debug_str     0x00018bb0      0xbce ./Api/core/src/vl53l0x_api_core.o
                               0x8ceb (size before relaxing)
 .debug_str     0x0001977e      0x11e D:\NXP_workspace\lpc_chip_11uxx_lib\Debug\liblpc_chip_11uxx_lib.a(chip_11xx.o)
                               0x7b8a (size before relaxing)
 .debug_str     0x0001989c      0x3e8 D:\NXP_workspace\lpc_chip_11uxx_lib\Debug\liblpc_chip_11uxx_lib.a(clock_11xx.o)
                               0x8377 (size before relaxing)
 .debug_str     0x00019c84       0x24 D:\NXP_workspace\lpc_chip_11uxx_lib\Debug\liblpc_chip_11uxx_lib.a(iocon_11xx.o)
                               0x7b8f (size before relaxing)
 .debug_str     0x00019ca8      0x175 D:\NXP_workspace\lpc_chip_11uxx_lib\Debug\liblpc_chip_11uxx_lib.a(sysctl_11xx.o)
                               0x7f7a (size before relaxing)
 .debug_str     0x00019e1d      0x43d D:\NXP_workspace\nxp_lpcxpresso_11u14_usblib_device\Debug\libnxp_lpcxpresso_11u14_usblib_device.a(USBController.o)
                               0xa06f (size before relaxing)
 .debug_str     0x0001a25a      0x181 D:\NXP_workspace\nxp_lpcxpresso_11u14_usblib_device\Debug\libnxp_lpcxpresso_11u14_usblib_device.a(USBTask.o)
                               0xa086 (size before relaxing)
 .debug_str     0x0001a3db      0x527 D:\NXP_workspace\nxp_lpcxpresso_11u14_usblib_device\Debug\libnxp_lpcxpresso_11u14_usblib_device.a(CDCClassDevice.o)
                              0x1060e (size before relaxing)
 .debug_str     0x0001a902      0x1ab D:\NXP_workspace\nxp_lpcxpresso_11u14_usblib_device\Debug\libnxp_lpcxpresso_11u14_usblib_device.a(HIDClassDevice.o)
                              0x102d5 (size before relaxing)
 .debug_str     0x0001aaad       0x77 D:\NXP_workspace\nxp_lpcxpresso_11u14_usblib_device\Debug\libnxp_lpcxpresso_11u14_usblib_device.a(HAL_LPC11Uxx.o)
                               0xa5e8 (size before relaxing)
 .debug_str     0x0001ab24      0x15f D:\NXP_workspace\nxp_lpcxpresso_11u14_usblib_device\Debug\libnxp_lpcxpresso_11u14_usblib_device.a(Endpoint_LPC11Uxx.o)
                               0xa1f1 (size before relaxing)
 .debug_str     0x0001ac83      0x38f D:\NXP_workspace\nxp_lpcxpresso_11u14_usblib_device\Debug\libnxp_lpcxpresso_11u14_usblib_device.a(DeviceStandardReq.o)
                               0xa536 (size before relaxing)
 .debug_str     0x0001b012       0xb5 D:\NXP_workspace\nxp_lpcxpresso_11u14_usblib_device\Debug\libnxp_lpcxpresso_11u14_usblib_device.a(Endpoint.o)
                               0xa07c (size before relaxing)
 .debug_str     0x0001b0c7      0x1c1 D:\NXP_workspace\nxp_lpcxpresso_11u14_usblib_device\Debug\libnxp_lpcxpresso_11u14_usblib_device.a(EndpointStream.o)
                               0xa1f5 (size before relaxing)

.comment        0x00000000       0x70
 .comment       0x00000000       0x70 ./src/Descriptors.o
                                 0x71 (size before relaxing)
 .comment       0x00000000       0x71 ./src/EEPROM_Driver.o
 .comment       0x00000000       0x71 ./src/FootController.o
 .comment       0x00000000       0x71 ./src/GPIO_Driver.o
 .comment       0x00000000       0x71 ./src/HW_Driver.o
 .comment       0x00000000       0x71 ./src/I2C_Driver.o
 .comment       0x00000000       0x71 ./src/StringGenerateParseModule.o
 .comment       0x00000000       0x71 ./src/cr_startup_lpc11uxx.o
 .comment       0x00000000       0x71 ./src/iap.o
 .comment       0x00000000       0x71 ./src/sysinit.o
 .comment       0x00000000       0x71 ./Api/platform/src/vl53l0x_i2c.o
 .comment       0x00000000       0x71 ./Api/platform/src/vl53l0x_platform.o
 .comment       0x00000000       0x71 ./Api/core/src/vl53l0x_api.o
 .comment       0x00000000       0x71 ./Api/core/src/vl53l0x_api_calibration.o
 .comment       0x00000000       0x71 ./Api/core/src/vl53l0x_api_core.o
 .comment       0x00000000       0x71 D:\NXP_workspace\lpc_chip_11uxx_lib\Debug\liblpc_chip_11uxx_lib.a(chip_11xx.o)
 .comment       0x00000000       0x71 D:\NXP_workspace\lpc_chip_11uxx_lib\Debug\liblpc_chip_11uxx_lib.a(clock_11xx.o)
 .comment       0x00000000       0x71 D:\NXP_workspace\lpc_chip_11uxx_lib\Debug\liblpc_chip_11uxx_lib.a(iocon_11xx.o)
 .comment       0x00000000       0x71 D:\NXP_workspace\lpc_chip_11uxx_lib\Debug\liblpc_chip_11uxx_lib.a(sysctl_11xx.o)
 .comment       0x00000000       0x71 D:\NXP_workspace\nxp_lpcxpresso_11u14_usblib_device\Debug\libnxp_lpcxpresso_11u14_usblib_device.a(USBController.o)
 .comment       0x00000000       0x71 D:\NXP_workspace\nxp_lpcxpresso_11u14_usblib_device\Debug\libnxp_lpcxpresso_11u14_usblib_device.a(USBTask.o)
 .comment       0x00000000       0x71 D:\NXP_workspace\nxp_lpcxpresso_11u14_usblib_device\Debug\libnxp_lpcxpresso_11u14_usblib_device.a(CDCClassDevice.o)
 .comment       0x00000000       0x71 D:\NXP_workspace\nxp_lpcxpresso_11u14_usblib_device\Debug\libnxp_lpcxpresso_11u14_usblib_device.a(HIDClassDevice.o)
 .comment       0x00000000       0x71 D:\NXP_workspace\nxp_lpcxpresso_11u14_usblib_device\Debug\libnxp_lpcxpresso_11u14_usblib_device.a(HAL_LPC11Uxx.o)
 .comment       0x00000000       0x71 D:\NXP_workspace\nxp_lpcxpresso_11u14_usblib_device\Debug\libnxp_lpcxpresso_11u14_usblib_device.a(Endpoint_LPC11Uxx.o)
 .comment       0x00000000       0x71 D:\NXP_workspace\nxp_lpcxpresso_11u14_usblib_device\Debug\libnxp_lpcxpresso_11u14_usblib_device.a(DeviceStandardReq.o)
 .comment       0x00000000       0x71 D:\NXP_workspace\nxp_lpcxpresso_11u14_usblib_device\Debug\libnxp_lpcxpresso_11u14_usblib_device.a(Endpoint.o)
 .comment       0x00000000       0x71 D:\NXP_workspace\nxp_lpcxpresso_11u14_usblib_device\Debug\libnxp_lpcxpresso_11u14_usblib_device.a(EndpointStream.o)
 .comment       0x00000000       0x71 d:/nxp/lpcxpresso_7.2.0_153/lpcxpresso/tools/bin/../lib/gcc/arm-none-eabi/4.8.3/../../../../arm-none-eabi/lib/armv6-m\libcr_c.a(memcpy.o)
 .comment       0x00000000       0x71 d:/nxp/lpcxpresso_7.2.0_153/lpcxpresso/tools/bin/../lib/gcc/arm-none-eabi/4.8.3/../../../../arm-none-eabi/lib/armv6-m\libcr_c.a(memset.o)
 .comment       0x00000000       0x71 d:/nxp/lpcxpresso_7.2.0_153/lpcxpresso/tools/bin/../lib/gcc/arm-none-eabi/4.8.3/../../../../arm-none-eabi/lib/armv6-m\libcr_c.a(__weak__main.o)
 .comment       0x00000000       0x71 d:/nxp/lpcxpresso_7.2.0_153/lpcxpresso/tools/bin/../lib/gcc/arm-none-eabi/4.8.3/../../../../arm-none-eabi/lib/armv6-m\libcr_c.a(ctype.o)
 .comment       0x00000000       0x71 d:/nxp/lpcxpresso_7.2.0_153/lpcxpresso/tools/bin/../lib/gcc/arm-none-eabi/4.8.3/../../../../arm-none-eabi/lib/armv6-m\libcr_c.a(itoa.o)
 .comment       0x00000000       0x71 d:/nxp/lpcxpresso_7.2.0_153/lpcxpresso/tools/bin/../lib/gcc/arm-none-eabi/4.8.3/../../../../arm-none-eabi/lib/armv6-m\libcr_c.a(memcmp.o)
 .comment       0x00000000       0x71 d:/nxp/lpcxpresso_7.2.0_153/lpcxpresso/tools/bin/../lib/gcc/arm-none-eabi/4.8.3/../../../../arm-none-eabi/lib/armv6-m\libcr_c.a(scanf.o)
 .comment       0x00000000       0x71 d:/nxp/lpcxpresso_7.2.0_153/lpcxpresso/tools/bin/../lib/gcc/arm-none-eabi/4.8.3/../../../../arm-none-eabi/lib/armv6-m\libcr_c.a(stdlib.o)
 .comment       0x00000000       0x71 d:/nxp/lpcxpresso_7.2.0_153/lpcxpresso/tools/bin/../lib/gcc/arm-none-eabi/4.8.3/../../../../arm-none-eabi/lib/armv6-m\libcr_c.a(strcat.o)
 .comment       0x00000000       0x71 d:/nxp/lpcxpresso_7.2.0_153/lpcxpresso/tools/bin/../lib/gcc/arm-none-eabi/4.8.3/../../../../arm-none-eabi/lib/armv6-m\libcr_c.a(strcmp.o)
 .comment       0x00000000       0x71 d:/nxp/lpcxpresso_7.2.0_153/lpcxpresso/tools/bin/../lib/gcc/arm-none-eabi/4.8.3/../../../../arm-none-eabi/lib/armv6-m\libcr_c.a(strcpy.o)
 .comment       0x00000000       0x71 d:/nxp/lpcxpresso_7.2.0_153/lpcxpresso/tools/bin/../lib/gcc/arm-none-eabi/4.8.3/../../../../arm-none-eabi/lib/armv6-m\libcr_c.a(strlen.o)
 .comment       0x00000000       0x71 d:/nxp/lpcxpresso_7.2.0_153/lpcxpresso/tools/bin/../lib/gcc/arm-none-eabi/4.8.3/../../../../arm-none-eabi/lib/armv6-m\libcr_c.a(strstr.o)
 .comment       0x00000000       0x71 d:/nxp/lpcxpresso_7.2.0_153/lpcxpresso/tools/bin/../lib/gcc/arm-none-eabi/4.8.3/../../../../arm-none-eabi/lib/armv6-m\libcr_c.a(strtok.o)
 .comment       0x00000000       0x71 d:/nxp/lpcxpresso_7.2.0_153/lpcxpresso/tools/bin/../lib/gcc/arm-none-eabi/4.8.3/../../../../arm-none-eabi/lib/armv6-m\libcr_c.a(errno.o)
 .comment       0x00000000       0x71 d:/nxp/lpcxpresso_7.2.0_153/lpcxpresso/tools/bin/../lib/gcc/arm-none-eabi/4.8.3/../../../../arm-none-eabi/lib/armv6-m\libcr_c.a(strcspn.o)
 .comment       0x00000000       0x71 d:/nxp/lpcxpresso_7.2.0_153/lpcxpresso/tools/bin/../lib/gcc/arm-none-eabi/4.8.3/../../../../arm-none-eabi/lib/armv6-m\libcr_c.a(strspn.o)

.ARM.attributes
                0x00000000       0x2f
 .ARM.attributes
                0x00000000       0x31 ./src/Descriptors.o
 .ARM.attributes
                0x00000031       0x31 ./src/EEPROM_Driver.o
 .ARM.attributes
                0x00000062       0x31 ./src/FootController.o
 .ARM.attributes
                0x00000093       0x31 ./src/GPIO_Driver.o
 .ARM.attributes
                0x000000c4       0x31 ./src/HW_Driver.o
 .ARM.attributes
                0x000000f5       0x31 ./src/I2C_Driver.o
 .ARM.attributes
                0x00000126       0x31 ./src/StringGenerateParseModule.o
 .ARM.attributes
                0x00000157       0x31 ./src/cr_startup_lpc11uxx.o
 .ARM.attributes
                0x00000188       0x31 ./src/iap.o
 .ARM.attributes
                0x000001b9       0x31 ./src/sysinit.o
 .ARM.attributes
                0x000001ea       0x31 ./Api/platform/src/vl53l0x_i2c.o
 .ARM.attributes
                0x0000021b       0x31 ./Api/platform/src/vl53l0x_platform.o
 .ARM.attributes
                0x0000024c       0x31 ./Api/core/src/vl53l0x_api.o
 .ARM.attributes
                0x0000027d       0x31 ./Api/core/src/vl53l0x_api_calibration.o
 .ARM.attributes
                0x000002ae       0x31 ./Api/core/src/vl53l0x_api_core.o
 .ARM.attributes
                0x000002df       0x31 D:\NXP_workspace\lpc_chip_11uxx_lib\Debug\liblpc_chip_11uxx_lib.a(chip_11xx.o)
 .ARM.attributes
                0x00000310       0x31 D:\NXP_workspace\lpc_chip_11uxx_lib\Debug\liblpc_chip_11uxx_lib.a(clock_11xx.o)
 .ARM.attributes
                0x00000341       0x31 D:\NXP_workspace\lpc_chip_11uxx_lib\Debug\liblpc_chip_11uxx_lib.a(iocon_11xx.o)
 .ARM.attributes
                0x00000372       0x31 D:\NXP_workspace\lpc_chip_11uxx_lib\Debug\liblpc_chip_11uxx_lib.a(sysctl_11xx.o)
 .ARM.attributes
                0x000003a3       0x31 D:\NXP_workspace\nxp_lpcxpresso_11u14_usblib_device\Debug\libnxp_lpcxpresso_11u14_usblib_device.a(USBController.o)
 .ARM.attributes
                0x000003d4       0x31 D:\NXP_workspace\nxp_lpcxpresso_11u14_usblib_device\Debug\libnxp_lpcxpresso_11u14_usblib_device.a(USBTask.o)
 .ARM.attributes
                0x00000405       0x31 D:\NXP_workspace\nxp_lpcxpresso_11u14_usblib_device\Debug\libnxp_lpcxpresso_11u14_usblib_device.a(CDCClassDevice.o)
 .ARM.attributes
                0x00000436       0x31 D:\NXP_workspace\nxp_lpcxpresso_11u14_usblib_device\Debug\libnxp_lpcxpresso_11u14_usblib_device.a(HIDClassDevice.o)
 .ARM.attributes
                0x00000467       0x31 D:\NXP_workspace\nxp_lpcxpresso_11u14_usblib_device\Debug\libnxp_lpcxpresso_11u14_usblib_device.a(HAL_LPC11Uxx.o)
 .ARM.attributes
                0x00000498       0x31 D:\NXP_workspace\nxp_lpcxpresso_11u14_usblib_device\Debug\libnxp_lpcxpresso_11u14_usblib_device.a(Endpoint_LPC11Uxx.o)
 .ARM.attributes
                0x000004c9       0x31 D:\NXP_workspace\nxp_lpcxpresso_11u14_usblib_device\Debug\libnxp_lpcxpresso_11u14_usblib_device.a(DeviceStandardReq.o)
 .ARM.attributes
                0x000004fa       0x31 D:\NXP_workspace\nxp_lpcxpresso_11u14_usblib_device\Debug\libnxp_lpcxpresso_11u14_usblib_device.a(Endpoint.o)
 .ARM.attributes
                0x0000052b       0x31 D:\NXP_workspace\nxp_lpcxpresso_11u14_usblib_device\Debug\libnxp_lpcxpresso_11u14_usblib_device.a(EndpointStream.o)
 .ARM.attributes
                0x0000055c       0x31 d:/nxp/lpcxpresso_7.2.0_153/lpcxpresso/tools/bin/../lib/gcc/arm-none-eabi/4.8.3/../../../../arm-none-eabi/lib/armv6-m\libcr_c.a(memcpy.o)
 .ARM.attributes
                0x0000058d       0x31 d:/nxp/lpcxpresso_7.2.0_153/lpcxpresso/tools/bin/../lib/gcc/arm-none-eabi/4.8.3/../../../../arm-none-eabi/lib/armv6-m\libcr_c.a(memset.o)